Archive member included to satisfy reference by file (symbol)

//usr/lib/x86_64-linux-gnu/libc_nonshared.a(elf-init.oS)
                              /usr/lib/gcc/x86_64-linux-gnu/8/../../../x86_64-linux-gnu/Scrt1.o (__libc_csu_init)

Allocating common symbols
Common symbol       size              file

mutex               0x28              CMakeFiles/project1.dir/heap.c.o
memory              0x4002000         CMakeFiles/project1.dir/memmanager.c.o
mm                  0x2058            CMakeFiles/project1.dir/memmanager.c.o

Discarded input sections

 .note.GNU-stack
                0x0000000000000000        0x0 /usr/lib/gcc/x86_64-linux-gnu/8/../../../x86_64-linux-gnu/Scrt1.o
 .note.GNU-stack
                0x0000000000000000        0x0 /usr/lib/gcc/x86_64-linux-gnu/8/../../../x86_64-linux-gnu/crti.o
 .note.GNU-stack
                0x0000000000000000        0x0 /usr/lib/gcc/x86_64-linux-gnu/8/crtbeginS.o
 .group         0x0000000000000000        0xc CMakeFiles/project1.dir/1_9.c.o
 .group         0x0000000000000000        0xc CMakeFiles/project1.dir/1_9.c.o
 .group         0x0000000000000000        0xc CMakeFiles/project1.dir/1_9.c.o
 .group         0x0000000000000000        0xc CMakeFiles/project1.dir/1_9.c.o
 .group         0x0000000000000000        0xc CMakeFiles/project1.dir/1_9.c.o
 .group         0x0000000000000000        0xc CMakeFiles/project1.dir/1_9.c.o
 .group         0x0000000000000000        0xc CMakeFiles/project1.dir/1_9.c.o
 .group         0x0000000000000000        0xc CMakeFiles/project1.dir/1_9.c.o
 .group         0x0000000000000000        0xc CMakeFiles/project1.dir/1_9.c.o
 .group         0x0000000000000000        0xc CMakeFiles/project1.dir/1_9.c.o
 .group         0x0000000000000000        0xc CMakeFiles/project1.dir/1_9.c.o
 .group         0x0000000000000000        0xc CMakeFiles/project1.dir/1_9.c.o
 .group         0x0000000000000000        0xc CMakeFiles/project1.dir/1_9.c.o
 .group         0x0000000000000000        0xc CMakeFiles/project1.dir/1_9.c.o
 .group         0x0000000000000000        0xc CMakeFiles/project1.dir/1_9.c.o
 .group         0x0000000000000000        0xc CMakeFiles/project1.dir/1_9.c.o
 .group         0x0000000000000000        0xc CMakeFiles/project1.dir/1_9.c.o
 .group         0x0000000000000000        0xc CMakeFiles/project1.dir/1_9.c.o
 .group         0x0000000000000000        0xc CMakeFiles/project1.dir/1_9.c.o
 .group         0x0000000000000000        0xc CMakeFiles/project1.dir/1_9.c.o
 .group         0x0000000000000000        0xc CMakeFiles/project1.dir/1_9.c.o
 .group         0x0000000000000000        0xc CMakeFiles/project1.dir/1_9.c.o
 .group         0x0000000000000000        0xc CMakeFiles/project1.dir/1_9.c.o
 .group         0x0000000000000000        0xc CMakeFiles/project1.dir/1_9.c.o
 .group         0x0000000000000000        0xc CMakeFiles/project1.dir/1_9.c.o
 .group         0x0000000000000000        0xc CMakeFiles/project1.dir/1_9.c.o
 .group         0x0000000000000000        0xc CMakeFiles/project1.dir/1_9.c.o
 .group         0x0000000000000000        0xc CMakeFiles/project1.dir/1_9.c.o
 .group         0x0000000000000000        0xc CMakeFiles/project1.dir/1_9.c.o
 .group         0x0000000000000000        0xc CMakeFiles/project1.dir/1_9.c.o
 .group         0x0000000000000000        0xc CMakeFiles/project1.dir/1_9.c.o
 .group         0x0000000000000000        0xc CMakeFiles/project1.dir/1_9.c.o
 .group         0x0000000000000000        0xc CMakeFiles/project1.dir/1_9.c.o
 .group         0x0000000000000000        0xc CMakeFiles/project1.dir/1_9.c.o
 .group         0x0000000000000000        0xc CMakeFiles/project1.dir/1_9.c.o
 .group         0x0000000000000000        0xc CMakeFiles/project1.dir/1_9.c.o
 .group         0x0000000000000000        0xc CMakeFiles/project1.dir/1_9.c.o
 .group         0x0000000000000000        0xc CMakeFiles/project1.dir/1_9.c.o
 .group         0x0000000000000000        0xc CMakeFiles/project1.dir/1_9.c.o
 .group         0x0000000000000000        0xc CMakeFiles/project1.dir/1_9.c.o
 .group         0x0000000000000000        0xc CMakeFiles/project1.dir/1_9.c.o
 .group         0x0000000000000000        0xc CMakeFiles/project1.dir/1_9.c.o
 .group         0x0000000000000000        0xc CMakeFiles/project1.dir/1_9.c.o
 .group         0x0000000000000000        0xc CMakeFiles/project1.dir/1_9.c.o
 .group         0x0000000000000000        0xc CMakeFiles/project1.dir/1_9.c.o
 .group         0x0000000000000000        0xc CMakeFiles/project1.dir/1_9.c.o
 .group         0x0000000000000000        0xc CMakeFiles/project1.dir/1_9.c.o
 .group         0x0000000000000000        0xc CMakeFiles/project1.dir/1_9.c.o
 .group         0x0000000000000000        0xc CMakeFiles/project1.dir/1_9.c.o
 .group         0x0000000000000000        0xc CMakeFiles/project1.dir/1_9.c.o
 .group         0x0000000000000000        0xc CMakeFiles/project1.dir/1_9.c.o
 .group         0x0000000000000000        0xc CMakeFiles/project1.dir/1_9.c.o
 .note.GNU-stack
[...]
Memory Configuration

Name             Origin             Length             Attributes
*default*        0x0000000000000000 0xffffffffffffffff

Linker script and memory map

LOAD /usr/lib/gcc/x86_64-linux-gnu/8/../../../x86_64-linux-gnu/Scrt1.o
LOAD /usr/lib/gcc/x86_64-linux-gnu/8/../../../x86_64-linux-gnu/crti.o
LOAD /usr/lib/gcc/x86_64-linux-gnu/8/crtbeginS.o
LOAD CMakeFiles/project1.dir/1_9.c.o
LOAD CMakeFiles/project1.dir/heap.c.o
LOAD CMakeFiles/project1.dir/unit_helper_v2.c.o
LOAD CMakeFiles/project1.dir/unit_test_v2.c.o
LOAD CMakeFiles/project1.dir/rdebug.c.o
LOAD CMakeFiles/project1.dir/memmanager.c.o
LOAD /usr/lib/gcc/x86_64-linux-gnu/8/../../../x86_64-linux-gnu/libpthread.so
LOAD /usr/lib/gcc/x86_64-linux-gnu/8/../../../x86_64-linux-gnu/libm.so
START GROUP
LOAD //lib/x86_64-linux-gnu/libm.so.6
LOAD //usr/lib/x86_64-linux-gnu/libmvec_nonshared.a
LOAD //lib/x86_64-linux-gnu/libmvec.so.1
END GROUP
LOAD /usr/lib/gcc/x86_64-linux-gnu/8/libgcc.a
LOAD /usr/lib/gcc/x86_64-linux-gnu/8/libgcc_s.so
START GROUP
LOAD /usr/lib/gcc/x86_64-linux-gnu/8/libgcc_s.so.1
LOAD /usr/lib/gcc/x86_64-linux-gnu/8/libgcc.a
END GROUP
LOAD /usr/lib/gcc/x86_64-linux-gnu/8/../../../x86_64-linux-gnu/libc.so
START GROUP
LOAD //lib/x86_64-linux-gnu/libc.so.6
LOAD //usr/lib/x86_64-linux-gnu/libc_nonshared.a
LOAD //lib/x86_64-linux-gnu/ld-linux-x86-64.so.2
END GROUP
LOAD /usr/lib/gcc/x86_64-linux-gnu/8/libgcc.a
LOAD /usr/lib/gcc/x86_64-linux-gnu/8/libgcc_s.so
START GROUP
LOAD /usr/lib/gcc/x86_64-linux-gnu/8/libgcc_s.so.1
LOAD /usr/lib/gcc/x86_64-linux-gnu/8/libgcc.a
END GROUP
LOAD /usr/lib/gcc/x86_64-linux-gnu/8/crtendS.o
LOAD /usr/lib/gcc/x86_64-linux-gnu/8/../../../x86_64-linux-gnu/crtn.o
                [!provide]                        PROVIDE (__executable_start = SEGMENT_START ("text-segment", 0x0))
                0x00000000000002a8                . = (SEGMENT_START ("text-segment", 0x0) + SIZEOF_HEADERS)

.interp         0x00000000000002a8       0x1c
 *(.interp)
 .interp        0x00000000000002a8       0x1c /usr/lib/gcc/x86_64-linux-gnu/8/../../../x86_64-linux-gnu/Scrt1.o

.note.ABI-tag   0x00000000000002c4       0x20
 .note.ABI-tag  0x00000000000002c4       0x20 /usr/lib/gcc/x86_64-linux-gnu/8/../../../x86_64-linux-gnu/Scrt1.o

.note.gnu.build-id
                0x00000000000002e4       0x24
 *(.note.gnu.build-id)
 .note.gnu.build-id
                0x00000000000002e4       0x24 /usr/lib/gcc/x86_64-linux-gnu/8/../../../x86_64-linux-gnu/Scrt1.o

.hash
 *(.hash)

.gnu.hash       0x0000000000000308       0x34
 *(.gnu.hash)
 .gnu.hash      0x0000000000000308       0x34 /usr/lib/gcc/x86_64-linux-gnu/8/../../../x86_64-linux-gnu/Scrt1.o

.dynsym         0x0000000000000340      0x600
 *(.dynsym)
 .dynsym        0x0000000000000340      0x600 /usr/lib/gcc/x86_64-linux-gnu/8/../../../x86_64-linux-gnu/Scrt1.o

.dynstr         0x0000000000000940      0x2c1
 *(.dynstr)
 .dynstr        0x0000000000000940      0x2c1 /usr/lib/gcc/x86_64-linux-gnu/8/../../../x86_64-linux-gnu/Scrt1.o

.gnu.version    0x0000000000000c02       0x80
 *(.gnu.version)
 .gnu.version   0x0000000000000c02       0x80 /usr/lib/gcc/x86_64-linux-gnu/8/../../../x86_64-linux-gnu/Scrt1.o

.gnu.version_d  0x0000000000000c88        0x0
 *(.gnu.version_d)
 .gnu.version_d
                0x0000000000000c88        0x0 /usr/lib/gcc/x86_64-linux-gnu/8/../../../x86_64-linux-gnu/Scrt1.o

.gnu.version_r  0x0000000000000c88       0x70
 *(.gnu.version_r)
 .gnu.version_r
                0x0000000000000c88       0x70 /usr/lib/gcc/x86_64-linux-gnu/8/../../../x86_64-linux-gnu/Scrt1.o

.rela.dyn       0x0000000000000cf8     0x1398
 *(.rela.init)
 *(.rela.text .rela.text.* .rela.gnu.linkonce.t.*)
 .rela.text     0x0000000000000cf8        0x0 /usr/lib/gcc/x86_64-linux-gnu/8/../../../x86_64-linux-gnu/Scrt1.o
 *(.rela.fini)
 *(.rela.rodata .rela.rodata.* .rela.gnu.linkonce.r.*)
 *(.rela.data .rela.data.* .rela.gnu.linkonce.d.*)
 .rela.data.rel.ro
                0x0000000000000cf8        0x0 /usr/lib/gcc/x86_64-linux-gnu/8/../../../x86_64-linux-gnu/Scrt1.o
 .rela.data.rel.local
                0x0000000000000cf8      0x558 /usr/lib/gcc/x86_64-linux-gnu/8/../../../x86_64-linux-gnu/Scrt1.o
 .rela.data     0x0000000000001250      0xd08 /usr/lib/gcc/x86_64-linux-gnu/8/../../../x86_64-linux-gnu/Scrt1.o
 *(.rela.tdata .rela.tdata.* .rela.gnu.linkonce.td.*)
 *(.rela.tbss .rela.tbss.* .rela.gnu.linkonce.tb.*)
 *(.rela.ctors)
 *(.rela.dtors)
 *(.rela.got)
 .rela.got      0x0000000000001f58       0x78 /usr/lib/gcc/x86_64-linux-gnu/8/../../../x86_64-linux-gnu/Scrt1.o
 *(.rela.bss .rela.bss.* .rela.gnu.linkonce.b.*)
 .rela.bss      0x0000000000001fd0       0x48 /usr/lib/gcc/x86_64-linux-gnu/8/../../../x86_64-linux-gnu/Scrt1.o
 *(.rela.ldata .rela.ldata.* .rela.gnu.linkonce.l.*)
 *(.rela.lbss .rela.lbss.* .rela.gnu.linkonce.lb.*)
 *(.rela.lrodata .rela.lrodata.* .rela.gnu.linkonce.lr.*)
 *(.rela.ifunc)
 .rela.ifunc    0x0000000000002018        0x0 /usr/lib/gcc/x86_64-linux-gnu/8/../../../x86_64-linux-gnu/Scrt1.o
 .rela.fini_array
                0x0000000000002018       0x30 /usr/lib/gcc/x86_64-linux-gnu/8/../../../x86_64-linux-gnu/Scrt1.o
 .rela.init_array
                0x0000000000002048       0x48 /usr/lib/gcc/x86_64-linux-gnu/8/../../../x86_64-linux-gnu/Scrt1.o

.rela.plt       0x0000000000002090      0x528
 *(.rela.plt)
 .rela.plt      0x0000000000002090      0x528 /usr/lib/gcc/x86_64-linux-gnu/8/../../../x86_64-linux-gnu/Scrt1.o
                [!provide]                        PROVIDE (__rela_iplt_start = .)
 *(.rela.iplt)
                [!provide]                        PROVIDE (__rela_iplt_end = .)
                0x0000000000003000                . = ALIGN (CONSTANT (MAXPAGESIZE))

.init           0x0000000000003000       0x17
 *(SORT_NONE(.init))
 .init          0x0000000000003000       0x12 /usr/lib/gcc/x86_64-linux-gnu/8/../../../x86_64-linux-gnu/crti.o
                0x0000000000003000                _init
 .init          0x0000000000003012        0x5 /usr/lib/gcc/x86_64-linux-gnu/8/../../../x86_64-linux-gnu/crtn.o

.plt            0x0000000000003020      0x380
 *(.plt)
 .plt           0x0000000000003020      0x380 /usr/lib/gcc/x86_64-linux-gnu/8/../../../x86_64-linux-gnu/Scrt1.o
                0x0000000000003030                raise@@GLIBC_2.2.5
                0x0000000000003040                free@@GLIBC_2.2.5
                0x0000000000003050                putchar@@GLIBC_2.2.5
                0x0000000000003060                pthread_create@@GLIBC_2.2.5
                0x0000000000003070                abort@@GLIBC_2.2.5
                0x0000000000003080                __errno_location@@GLIBC_2.2.5
                0x0000000000003090                strncpy@@GLIBC_2.2.5
                0x00000000000030a0                strcpy@@GLIBC_2.2.5
                0x00000000000030b0                puts@@GLIBC_2.2.5
                0x00000000000030c0                fcntl@@GLIBC_2.2.5
                0x00000000000030d0                clock_gettime@@GLIBC_2.17
                0x00000000000030e0                fclose@@GLIBC_2.2.5
                0x00000000000030f0                strlen@@GLIBC_2.2.5
                0x0000000000003100                printf@@GLIBC_2.2.5
                0x0000000000003110                pthread_mutex_destroy@@GLIBC_2.2.5
                0x0000000000003120                snprintf@@GLIBC_2.2.5
                0x0000000000003130                pthread_mutexattr_init@@GLIBC_2.2.5
                0x0000000000003140                strrchr@@GLIBC_2.2.5
                0x0000000000003150                __assert_fail@@GLIBC_2.2.5
                0x0000000000003160                memset@@GLIBC_2.2.5
                0x0000000000003170                fputc@@GLIBC_2.2.5
                0x0000000000003180                srand@@GLIBC_2.2.5
                0x0000000000003190                memcmp@@GLIBC_2.2.5
                0x00000000000031a0                _setjmp@@GLIBC_2.2.5
                0x00000000000031b0                getchar@@GLIBC_2.2.5
                0x00000000000031c0                signal@@GLIBC_2.2.5
                0x00000000000031d0                fprintf@@GLIBC_2.2.5
                0x00000000000031e0                strtol@@GLIBC_2.2.5
                0x00000000000031f0                memcpy@@GLIBC_2.14
                0x0000000000003200                time@@GLIBC_2.2.5
                0x0000000000003210                pthread_mutex_unlock@@GLIBC_2.2.5
                0x0000000000003220                pthread_mutexattr_settype@@GLIBC_2.2.5
                0x0000000000003230                malloc@@GLIBC_2.2.5
                0x0000000000003240                fflush@@GLIBC_2.2.5
                0x0000000000003250                ungetc@@GLIBC_2.2.5
                0x0000000000003260                vprintf@@GLIBC_2.2.5
                0x0000000000003270                setrlimit@@GLIBC_2.2.5
                0x0000000000003280                strsignal@@GLIBC_2.2.5
                0x0000000000003290                realloc@@GLIBC_2.2.5
                0x00000000000032a0                setvbuf@@GLIBC_2.2.5
                0x00000000000032b0                longjmp@@GLIBC_2.2.5
                0x00000000000032c0                memmove@@GLIBC_2.2.5
                0x00000000000032d0                fopen@@GLIBC_2.2.5
                0x00000000000032e0                perror@@GLIBC_2.2.5
                0x00000000000032f0                strtok@@GLIBC_2.2.5
                0x0000000000003300                pthread_join@@GLIBC_2.2.5
                0x0000000000003310                exit@@GLIBC_2.2.5
                0x0000000000003320                fwrite@@GLIBC_2.2.5
                0x0000000000003330                getrlimit@@GLIBC_2.2.5
                0x0000000000003340                strdup@@GLIBC_2.2.5
                0x0000000000003350                strerror@@GLIBC_2.2.5
                0x0000000000003360                pthread_mutex_init@@GLIBC_2.2.5
                0x0000000000003370                pthread_mutex_lock@@GLIBC_2.2.5
                0x0000000000003380                rand@@GLIBC_2.2.5
                0x0000000000003390                __ctype_b_loc@@GLIBC_2.3
 *(.iplt)

.plt.got        0x00000000000033a0        0x8
 *(.plt.got)
 .plt.got       0x00000000000033a0        0x8 /usr/lib/gcc/x86_64-linux-gnu/8/../../../x86_64-linux-gnu/Scrt1.o
                0x00000000000033a0                __cxa_finalize@@GLIBC_2.2.5

.plt.sec
 *(.plt.sec)

.text           0x00000000000033b0    0x30631
 *(.text.unlikely .text.*_unlikely .text.unlikely.*)
 *(.text.exit .text.exit.*)
 *(.text.startup .text.startup.*)
 *(.text.hot .text.hot.*)
 *(.text .stub .text.* .gnu.linkonce.t.*)
 .text          0x00000000000033b0       0x2b /usr/lib/gcc/x86_64-linux-gnu/8/../../../x86_64-linux-gnu/Scrt1.o
                0x00000000000033b0                _start
 .text          0x00000000000033db        0x0 /usr/lib/gcc/x86_64-linux-gnu/8/../../../x86_64-linux-gnu/crti.o
 *fill*         0x00000000000033db        0x5 
 .text          0x00000000000033e0       0xb5 /usr/lib/gcc/x86_64-linux-gnu/8/crtbeginS.o
 .text          0x0000000000003495        0xb CMakeFiles/project1.dir/1_9.c.o
                0x0000000000003495                main
 .text          0x00000000000034a0     0x25e3 CMakeFiles/project1.dir/heap.c.o
                0x00000000000034a0                draw_fences
                0x0000000000003513                calculate_control_size
                0x0000000000003554                header_setup
                0x0000000000003610                header_setup_debug
                0x00000000000036ea                heap_setup
                0x0000000000003736                heap_clean
                0x0000000000003796                heap_malloc
                0x0000000000003edc                heap_calloc
                0x0000000000003f74                heap_realloc
                0x0000000000004449                concat_memory_blocks
                0x00000000000044a9                heap_free
                0x000000000000461e                heap_get_largest_used_block_size
                0x00000000000046a0                get_pointer_type
                0x00000000000048da                heap_validate
                0x0000000000004a1f                heap_malloc_aligned
                0x000000000000550a                heap_calloc_aligned
                0x00000000000055a2                heap_realloc_aligned
                0x00000000000059ef                heap_malloc_debug
                0x0000000000005a05                heap_calloc_debug
                0x0000000000005a1f                heap_realloc_debug
                0x0000000000005a39                heap_malloc_aligned_debug
                0x0000000000005a4f                heap_calloc_aligned_debug
                0x0000000000005a69                heap_realloc_aligned_debug
 .text          0x0000000000005a83      0xa75 CMakeFiles/project1.dir/unit_helper_v2.c.o
                0x0000000000005a83                unit_test_init
                0x0000000000005af3                test_title
                0x0000000000005b26                test_start
                0x0000000000005ba9                test_summary
                0x0000000000005c52                test_result_internal
                0x0000000000005eca                test_terminate_session
                0x0000000000005ee7                test_get_session_termination_flag
                0x0000000000005ef3                test_set_session_leaks
                0x0000000000005f06                test_single_has_failed
                0x0000000000005f1a                test_session_get_fail_count
                0x0000000000005f26                mem_find_first_difference
                0x0000000000005fcc                mem_get_byte
                0x0000000000005ff1                mem_dump_diff
                0x00000000000061ea                mem_compare
                0x0000000000006247                test_internal_error
                0x00000000000062ca                test_limit_init
                0x00000000000062e7                test_memory_limit_setup
                0x0000000000006392                test_memory_limit_restore
                0x0000000000006399                test_signal_handler
                0x00000000000063fe                test_file_write_limit_setup
                0x00000000000064a7                test_file_write_limit_restore
 .text          0x00000000000064f8    0x29610 CMakeFiles/project1.dir/unit_test_v2.c.o
                0x00000000000064f8                heap_malloc_test_thread
                0x0000000000006b73                heap_alloc_aligned_test_thread
                0x00000000000071ee                heap_alloc_ultimate_test_thread
                0x0000000000007c55                UTEST1
                0x0000000000007deb                UTEST2
                0x0000000000007f81                UTEST3
                0x000000000000816d                UTEST4
                0x000000000000848c                UTEST5
                0x0000000000008845                UTEST6
                0x0000000000008b63                UTEST7
                0x0000000000009102                UTEST8
                0x00000000000096a1                UTEST9
                0x0000000000009b96                UTEST10
                0x0000000000009fe7                UTEST11
                0x000000000000a660                UTEST12
                0x000000000000acd9                UTEST13
                0x000000000000b3b5                UTEST14
                0x000000000000b550                UTEST15
                0x000000000000b6eb                UTEST16
                0x000000000000b886                UTEST17
                0x000000000000ba21                UTEST18
                0x000000000000bbbc                UTEST19
                0x000000000000bea9                UTEST20
                0x000000000000c196                UTEST21
                0x000000000000c61d                UTEST22
                0x000000000000caa1                UTEST23
                0x000000000000ce2b                UTEST24
                0x000000000000d563                UTEST25
                0x000000000000dc9b                UTEST26
                0x000000000000e41b                UTEST27
                0x000000000000eb9b                UTEST28
                0x000000000000f3ad                UTEST29
                0x000000000000fc24                UTEST30
                0x000000000000fce1                UTEST31
                0x000000000000fe83                UTEST32
                0x0000000000010187                UTEST33
                0x000000000001064c                UTEST34
                0x00000000000109b6                UTEST35
                0x0000000000010bc2                UTEST36
                0x00000000000110de                UTEST37
                0x0000000000011588                UTEST38
                0x0000000000011949                UTEST39
                0x0000000000011eeb                UTEST40
                0x0000000000012578                UTEST41
                0x0000000000012d38                UTEST42
                0x00000000000134af                UTEST43
                0x0000000000013d59                UTEST44
                0x00000000000145c9                UTEST45
                0x0000000000014f6c                UTEST46
                0x00000000000156d3                UTEST47
                0x0000000000015fcd                UTEST48
                0x00000000000168c7                UTEST49
                0x000000000001726f                UTEST50
                0x000000000001731c                UTEST51
                0x00000000000174b7                UTEST52
                0x00000000000176a9                UTEST53
                0x0000000000017ac8                UTEST54
                0x0000000000017e25                UTEST55
                0x0000000000018096                UTEST56
                0x00000000000183f3                UTEST57
                0x0000000000018750                UTEST58
                0x0000000000018adf                UTEST59
                0x0000000000018cd6                UTEST60
                0x00000000000190ff                UTEST61
                0x0000000000019464                UTEST62
                0x00000000000196da                UTEST63
                0x0000000000019a41                UTEST64
                0x0000000000019aeb                UTEST65
                0x0000000000019ce4                UTEST66
                0x0000000000019f94                UTEST67
                0x000000000001a244                UTEST68
                0x000000000001a5d0                UTEST69
                0x000000000001a80f                UTEST70
                0x000000000001acb7                UTEST71
                0x000000000001af33                UTEST72
                0x000000000001b0ce                UTEST73
                0x000000000001b17f                UTEST74
                0x000000000001b3b5                UTEST75
                0x000000000001b696                UTEST76
                0x000000000001ba2a                UTEST77
                0x000000000001c0a1                UTEST78
                0x000000000001c719                UTEST79
                0x000000000001cc0a                UTEST80
                0x000000000001d110                UTEST81
                0x000000000001d7b1                UTEST82
                0x000000000001de9c                UTEST83
                0x000000000001e607                UTEST84
                0x000000000001ed0a                UTEST85
                0x000000000001f420                UTEST86
                0x000000000001fa49                UTEST87
                0x000000000001fbdf                UTEST88
                0x000000000001fcdb                UTEST89
                0x000000000001ff63                UTEST90
                0x0000000000020320                UTEST91
                0x00000000000206dd                UTEST92
                0x00000000000209fd                UTEST93
                0x0000000000020fa2                UTEST94
                0x0000000000021547                UTEST95
                0x0000000000021aec                UTEST96
                0x00000000000220c5                UTEST97
                0x0000000000022659                UTEST98
                0x0000000000022aac                UTEST99
                0x0000000000022fc7                UTEST100
                0x0000000000023602                UTEST101
                0x0000000000023c3d                UTEST102
                0x0000000000023dd8                UTEST103
                0x0000000000023f73                UTEST104
                0x000000000002410e                UTEST105
                0x00000000000242a9                UTEST106
                0x0000000000024444                UTEST107
                0x0000000000024733                UTEST108
                0x0000000000024a22                UTEST109
                0x0000000000024ef8                UTEST110
                0x00000000000253cb                UTEST111
                0x000000000002579a                UTEST112
                0x0000000000025ed8                UTEST113
                0x0000000000026619                UTEST114
                0x0000000000026d54                UTEST115
                0x0000000000027341                UTEST116
                0x0000000000027ab0                UTEST117
                0x000000000002821f                UTEST118
                0x0000000000028a36                UTEST119
                0x000000000002924d                UTEST120
                0x00000000000293e8                UTEST121
                0x000000000002949e                UTEST122
                0x00000000000296d6                UTEST123
                0x00000000000299b9                UTEST124
                0x0000000000029d4f                UTEST125
                0x000000000002a3c6                UTEST126
                0x000000000002aa38                UTEST127
                0x000000000002af41                UTEST128
                0x000000000002b451                UTEST129
                0x000000000002bb1d                UTEST130
                0x000000000002c03c                UTEST131
                0x000000000002c7eb                UTEST132
                0x000000000002ceae                UTEST133
                0x000000000002d53d                UTEST134
                0x000000000002dabe                UTEST135
                0x000000000002e637                UTEST136
                0x000000000002f22a                UTEST137
                0x000000000002f3f7                UTEST138
                0x000000000002f5c4                UTEST139
                0x000000000002f791                __wrap_main
 .text          0x000000000002fb08     0x36a6 CMakeFiles/project1.dir/rdebug.c.o
                0x000000000002ffc3                print_source_location
                0x000000000003031a                _rldebug_heap_wrapper
                0x00000000000315a6                _rldebug_str_wrapper
                0x0000000000031eb7                _rldebug_io_wrapper
                0x000000000003223e                _rldebug_stdlib_noreturn_wrapper
                0x0000000000032367                rldebug_show_leaked_resources
                0x00000000000328f3                rldebug_heap_get_leak_size
                0x000000000003293f                rldebug_get_block_size
                0x0000000000032e45                rldebug_reset_limits
                0x0000000000032ed7                rldebug_heap_set_global_limit
                0x0000000000032f13                rldebug_heap_disable_all_functions
                0x0000000000032f26                rldebug_heap_set_function_singleshot_limit
                0x0000000000032f85                rldebug_heap_set_function_cumulative_limit
                0x0000000000032fe4                rldebug_set_function_success_limit
                0x0000000000033043                rldebug_set_reported_severity_level
                0x0000000000033056                remove_single_newline
                0x00000000000330da                rdebug_call_main
 .text          0x00000000000331ae      0x7cc CMakeFiles/project1.dir/memmanager.c.o
                0x00000000000331ae                memory_init
                0x000000000003349c                memory_check
                0x000000000003372b                custom_sbrk_check_fences_integrity
                0x000000000003379f                custom_sbrk_get_reserved_memory
                0x00000000000337dd                custom_sbrk
 *fill*         0x000000000003397a        0x6 
 .text          0x0000000000033980       0x61 //usr/lib/x86_64-linux-gnu/libc_nonshared.a(elf-init.oS)
                0x0000000000033980                __libc_csu_init
                0x00000000000339e0                __libc_csu_fini
 .text          0x00000000000339e1        0x0 /usr/lib/gcc/x86_64-linux-gnu/8/crtendS.o
 .text          0x00000000000339e1        0x0 /usr/lib/gcc/x86_64-linux-gnu/8/../../../x86_64-linux-gnu/crtn.o
 *(.gnu.warning)

.fini           0x00000000000339e4        0x9
 *(SORT_NONE(.fini))
 .fini          0x00000000000339e4        0x4 /usr/lib/gcc/x86_64-linux-gnu/8/../../../x86_64-linux-gnu/crti.o
                0x00000000000339e4                _fini
 .fini          0x00000000000339e8        0x5 /usr/lib/gcc/x86_64-linux-gnu/8/../../../x86_64-linux-gnu/crtn.o
                [!provide]                        PROVIDE (__etext = .)
                [!provide]                        PROVIDE (_etext = .)
                [!provide]                        PROVIDE (etext = .)
                0x0000000000034000                . = ALIGN (CONSTANT (MAXPAGESIZE))
                0x0000000000034000                . = SEGMENT_START ("rodata-segment", (ALIGN (CONSTANT (MAXPAGESIZE)) + (. & (CONSTANT (MAXPAGESIZE) - 0x1))))

.rodata         0x0000000000034000     0x9ea0
 *(.rodata .rodata.* .gnu.linkonce.r.*)
 .rodata.cst4   0x0000000000034000        0x4 /usr/lib/gcc/x86_64-linux-gnu/8/../../../x86_64-linux-gnu/Scrt1.o
                0x0000000000034000                _IO_stdin_used
 *fill*         0x0000000000034004        0xc 
 .rodata        0x0000000000034010      0x5f4 CMakeFiles/project1.dir/unit_helper_v2.c.o
 *fill*         0x0000000000034604       0x1c 
 .rodata        0x0000000000034620     0x7ae3 CMakeFiles/project1.dir/unit_test_v2.c.o
 *fill*         0x000000000003c103       0x1d 
 .rodata        0x000000000003c120     0x1a41 CMakeFiles/project1.dir/rdebug.c.o
 *fill*         0x000000000003db61        0x7 
 .rodata        0x000000000003db68      0x338 CMakeFiles/project1.dir/memmanager.c.o

.rodata1
 *(.rodata1)

.eh_frame_hdr   0x000000000003dea0      0x73c
 *(.eh_frame_hdr)
 .eh_frame_hdr  0x000000000003dea0      0x73c /usr/lib/gcc/x86_64-linux-gnu/8/../../../x86_64-linux-gnu/Scrt1.o
                0x000000000003dea0                __GNU_EH_FRAME_HDR
 *(.eh_frame_entry .eh_frame_entry.*)

.eh_frame       0x000000000003e5e0     0x1d30
 *(.eh_frame)
 .eh_frame      0x000000000003e5e0       0x30 /usr/lib/gcc/x86_64-linux-gnu/8/../../../x86_64-linux-gnu/Scrt1.o
                                         0x2c (size before relaxing)
 *fill*         0x000000000003e610        0x0 
 .eh_frame      0x000000000003e610       0x40 /usr/lib/gcc/x86_64-linux-gnu/8/../../../x86_64-linux-gnu/Scrt1.o
 .eh_frame      0x000000000003e650       0x18 /usr/lib/gcc/x86_64-linux-gnu/8/../../../x86_64-linux-gnu/Scrt1.o
                                         0x30 (size before relaxing)
 .eh_frame      0x000000000003e668       0x20 CMakeFiles/project1.dir/1_9.c.o
                                         0x38 (size before relaxing)
 .eh_frame      0x000000000003e688      0x2f0 CMakeFiles/project1.dir/heap.c.o
                                        0x308 (size before relaxing)
 .eh_frame      0x000000000003e978      0x2a0 CMakeFiles/project1.dir/unit_helper_v2.c.o
                                        0x2b8 (size before relaxing)
 .eh_frame      0x000000000003ec18     0x11f8 CMakeFiles/project1.dir/unit_test_v2.c.o
                                       0x1210 (size before relaxing)
 .eh_frame      0x000000000003fe10      0x3e0 CMakeFiles/project1.dir/rdebug.c.o
                                        0x3f8 (size before relaxing)
 .eh_frame      0x00000000000401f0       0xc0 CMakeFiles/project1.dir/memmanager.c.o
                                         0xd8 (size before relaxing)
 .eh_frame      0x00000000000402b0       0x5c //usr/lib/x86_64-linux-gnu/libc_nonshared.a(elf-init.oS)
                                         0x78 (size before relaxing)
 .eh_frame      0x000000000004030c        0x4 /usr/lib/gcc/x86_64-linux-gnu/8/crtendS.o
 *(.eh_frame.*)

.gcc_except_table
 *(.gcc_except_table .gcc_except_table.*)

.gnu_extab
 *(.gnu_extab*)

.exception_ranges
 *(.exception_ranges .exception_ranges*)
                0x0000000000041db0                . = DATA_SEGMENT_ALIGN (CONSTANT (MAXPAGESIZE), CONSTANT (COMMONPAGESIZE))

.eh_frame
 *(.eh_frame)
 *(.eh_frame.*)

.gnu_extab
 *(.gnu_extab)

.gcc_except_table
 *(.gcc_except_table .gcc_except_table.*)

.exception_ranges
 *(.exception_ranges .exception_ranges*)

.tdata          0x0000000000041db0        0x0
                [!provide]                        PROVIDE (__tdata_start = .)
 *(.tdata .tdata.* .gnu.linkonce.td.*)

.tbss
 *(.tbss .tbss.* .gnu.linkonce.tb.*)
 *(.tcommon)

.preinit_array  0x0000000000041db0        0x0
                [!provide]                        PROVIDE (__preinit_array_start = .)
 *(.preinit_array)
                [!provide]                        PROVIDE (__preinit_array_end = .)

.init_array     0x0000000000041db0       0x18
                0x0000000000041db0                PROVIDE (__init_array_start = .)
 *(SORT_BY_INIT_PRIORITY(.init_array.*) SORT_BY_INIT_PRIORITY(.ctors.*))
 *(.init_array EXCLUDE_FILE(*crtend?.o *crtend.o *crtbegin?.o *crtbegin.o) .ctors)
 .init_array    0x0000000000041db0        0x8 /usr/lib/gcc/x86_64-linux-gnu/8/crtbeginS.o
 .init_array    0x0000000000041db8        0x8 CMakeFiles/project1.dir/rdebug.c.o
 .init_array    0x0000000000041dc0        0x8 CMakeFiles/project1.dir/memmanager.c.o
                0x0000000000041dc8                PROVIDE (__init_array_end = .)

.fini_array     0x0000000000041dc8       0x10
                [!provide]                        PROVIDE (__fini_array_start = .)
 *(SORT_BY_INIT_PRIORITY(.fini_array.*) SORT_BY_INIT_PRIORITY(.dtors.*))
 *(.fini_array EXCLUDE_FILE(*crtend?.o *crtend.o *crtbegin?.o *crtbegin.o) .dtors)
 .fini_array    0x0000000000041dc8        0x8 /usr/lib/gcc/x86_64-linux-gnu/8/crtbeginS.o
 .fini_array    0x0000000000041dd0        0x8 CMakeFiles/project1.dir/memmanager.c.o
                [!provide]                        PROVIDE (__fini_array_end = .)

.ctors
 *crtbegin.o(.ctors)
 *crtbegin?.o(.ctors)
 *(EXCLUDE_FILE(*crtend?.o *crtend.o) .ctors)
 *(SORT_BY_NAME(.ctors.*))
 *(.ctors)

.dtors
 *crtbegin.o(.dtors)
 *crtbegin?.o(.dtors)
 *(EXCLUDE_FILE(*crtend?.o *crtend.o) .dtors)
 *(SORT_BY_NAME(.dtors.*))
 *(.dtors)

.jcr
 *(.jcr)

.data.rel.ro    0x0000000000041dd8        0x0
 *(.data.rel.ro.local* .gnu.linkonce.d.rel.ro.local.*)
 *(.data.rel.ro .data.rel.ro.* .gnu.linkonce.d.rel.ro.*)
 .data.rel.ro   0x0000000000041dd8        0x0 /usr/lib/gcc/x86_64-linux-gnu/8/../../../x86_64-linux-gnu/Scrt1.o

.dynamic        0x0000000000041dd8      0x200
 *(.dynamic)
 .dynamic       0x0000000000041dd8      0x200 /usr/lib/gcc/x86_64-linux-gnu/8/../../../x86_64-linux-gnu/Scrt1.o
                0x0000000000041dd8                _DYNAMIC

.got            0x0000000000041fd8       0x28
 *(.got)
 .got           0x0000000000041fd8       0x28 /usr/lib/gcc/x86_64-linux-gnu/8/../../../x86_64-linux-gnu/Scrt1.o
 *(.igot)
                0x0000000000042fe8                . = DATA_SEGMENT_RELRO_END (., (SIZEOF (.got.plt) >= 0x18)?0x18:0x0)

.got.plt        0x0000000000042000      0x1d0
 *(.got.plt)
 .got.plt       0x0000000000042000      0x1d0 /usr/lib/gcc/x86_64-linux-gnu/8/../../../x86_64-linux-gnu/Scrt1.o
                0x0000000000042000                _GLOBAL_OFFSET_TABLE_
 *(.igot.plt)

.data           0x00000000000421e0      0x650
 *(.data .data.* .gnu.linkonce.d.*)
 .data          0x00000000000421e0        0x4 /usr/lib/gcc/x86_64-linux-gnu/8/../../../x86_64-linux-gnu/Scrt1.o
                0x00000000000421e0                data_start
                0x00000000000421e0                __data_start
 .data          0x00000000000421e4        0x0 /usr/lib/gcc/x86_64-linux-gnu/8/../../../x86_64-linux-gnu/crti.o
 .data          0x00000000000421e4        0x0 /usr/lib/gcc/x86_64-linux-gnu/8/crtbeginS.o
 *fill*         0x00000000000421e4        0x4 
 .data.rel.local
                0x00000000000421e8        0x8 /usr/lib/gcc/x86_64-linux-gnu/8/crtbeginS.o
                0x00000000000421e8                __dso_handle
 .data          0x00000000000421f0        0x0 CMakeFiles/project1.dir/1_9.c.o
 .data          0x00000000000421f0       0x10 CMakeFiles/project1.dir/heap.c.o
                0x00000000000421f0                heap_is_empty
                0x00000000000421f8                header_size
 .data          0x0000000000042200        0x0 CMakeFiles/project1.dir/unit_helper_v2.c.o
 .data          0x0000000000042200      0x460 CMakeFiles/project1.dir/unit_test_v2.c.o
 .data          0x0000000000042660        0x0 CMakeFiles/project1.dir/rdebug.c.o
 .data.rel.local
                0x0000000000042660      0x1d0 CMakeFiles/project1.dir/rdebug.c.o
 .data          0x0000000000042830        0x0 CMakeFiles/project1.dir/memmanager.c.o
 .data          0x0000000000042830        0x0 //usr/lib/x86_64-linux-gnu/libc_nonshared.a(elf-init.oS)
 .data          0x0000000000042830        0x0 /usr/lib/gcc/x86_64-linux-gnu/8/crtendS.o
 .data          0x0000000000042830        0x0 /usr/lib/gcc/x86_64-linux-gnu/8/../../../x86_64-linux-gnu/crtn.o

.tm_clone_table
                0x0000000000042830        0x0
 .tm_clone_table
                0x0000000000042830        0x0 /usr/lib/gcc/x86_64-linux-gnu/8/crtbeginS.o
 .tm_clone_table
                0x0000000000042830        0x0 /usr/lib/gcc/x86_64-linux-gnu/8/crtendS.o

.data1
 *(.data1)
                0x0000000000042830                _edata = .
                [!provide]                        PROVIDE (edata = .)
                0x0000000000042830                . = .
                0x0000000000042830                __bss_start = .

.bss            0x0000000000043000  0x4005058
 *(.dynbss)
 .dynbss        0x0000000000043000       0x28 /usr/lib/gcc/x86_64-linux-gnu/8/../../../x86_64-linux-gnu/Scrt1.o
                0x0000000000043000                stdout@@GLIBC_2.2.5
                0x0000000000043010                stdin@@GLIBC_2.2.5
                0x0000000000043020                stderr@@GLIBC_2.2.5
 *(.bss .bss.* .gnu.linkonce.b.*)
 .bss           0x0000000000043028        0x0 /usr/lib/gcc/x86_64-linux-gnu/8/../../../x86_64-linux-gnu/Scrt1.o
 .bss           0x0000000000043028        0x0 /usr/lib/gcc/x86_64-linux-gnu/8/../../../x86_64-linux-gnu/crti.o
 .bss           0x0000000000043028        0x1 /usr/lib/gcc/x86_64-linux-gnu/8/crtbeginS.o
 .bss           0x0000000000043029        0x0 CMakeFiles/project1.dir/1_9.c.o
 *fill*         0x0000000000043029        0x7 
 .bss           0x0000000000043030       0x18 CMakeFiles/project1.dir/heap.c.o
                0x0000000000043030                heap_start
                0x0000000000043038                first_block
                0x0000000000043040                pages_allocated
 *fill*         0x0000000000043048       0x18 
 .bss           0x0000000000043060       0x90 CMakeFiles/project1.dir/unit_helper_v2.c.o
 .bss           0x00000000000430f0        0x0 CMakeFiles/project1.dir/unit_test_v2.c.o
 *fill*         0x00000000000430f0       0x10 
 .bss           0x0000000000043100      0x300 CMakeFiles/project1.dir/rdebug.c.o
 .bss           0x0000000000043400        0x0 CMakeFiles/project1.dir/memmanager.c.o
 .bss           0x0000000000043400        0x0 //usr/lib/x86_64-linux-gnu/libc_nonshared.a(elf-init.oS)
 .bss           0x0000000000043400        0x0 /usr/lib/gcc/x86_64-linux-gnu/8/crtendS.o
 .bss           0x0000000000043400        0x0 /usr/lib/gcc/x86_64-linux-gnu/8/../../../x86_64-linux-gnu/crtn.o
 *(COMMON)
 COMMON         0x0000000000043400       0x28 CMakeFiles/project1.dir/heap.c.o
                0x0000000000043400                mutex
 *fill*         0x0000000000043428      0xbd8 
 COMMON         0x0000000000044000  0x4004058 CMakeFiles/project1.dir/memmanager.c.o
                0x0000000000044000                memory
                0x0000000004046000                mm
                0x0000000004048058                . = ALIGN ((. != 0x0)?0x8:0x1)

.lbss
 *(.dynlbss)
 *(.lbss .lbss.* .gnu.linkonce.lb.*)
 *(LARGE_COMMON)
                0x0000000004048058                . = ALIGN (0x8)
                0x0000000004048058                . = SEGMENT_START ("ldata-segment", .)

.lrodata
 *(.lrodata .lrodata.* .gnu.linkonce.lr.*)

.ldata          0x000000000404a058        0x0
 *(.ldata .ldata.* .gnu.linkonce.l.*)
                0x000000000404a058                . = ALIGN ((. != 0x0)?0x8:0x1)
                0x000000000404a058                . = ALIGN (0x8)
                0x000000000404a058                _end = .
                [!provide]                        PROVIDE (end = .)
                0x000000000404a058                . = DATA_SEGMENT_END (.)

.stab
 *(.stab)

.stabstr
 *(.stabstr)

.stab.excl
 *(.stab.excl)

.stab.exclstr
 *(.stab.exclstr)

.stab.index
 *(.stab.index)

.stab.indexstr
 *(.stab.indexstr)

.comment        0x0000000000000000       0x1c
 *(.comment)
 .comment       0x0000000000000000       0x1c /usr/lib/gcc/x86_64-linux-gnu/8/crtbeginS.o
                                         0x1d (size before relaxing)
 .comment       0x000000000000001c       0x1d CMakeFiles/project1.dir/1_9.c.o
 .comment       0x000000000000001c       0x1d CMakeFiles/project1.dir/heap.c.o
 .comment       0x000000000000001c       0x1d CMakeFiles/project1.dir/unit_helper_v2.c.o
 .comment       0x000000000000001c       0x1d CMakeFiles/project1.dir/unit_test_v2.c.o
 .comment       0x000000000000001c       0x1d CMakeFiles/project1.dir/rdebug.c.o
 .comment       0x000000000000001c       0x1d CMakeFiles/project1.dir/memmanager.c.o
 .comment       0x000000000000001c       0x1d /usr/lib/gcc/x86_64-linux-gnu/8/crtendS.o

.debug
 *(.debug)

.line
 *(.line)

.debug_srcinfo
 *(.debug_srcinfo)

.debug_sfnames
 *(.debug_sfnames)

.debug_aranges  0x0000000000000000      0x120
 *(.debug_aranges)
 .debug_aranges
                0x0000000000000000       0x30 CMakeFiles/project1.dir/1_9.c.o
 .debug_aranges
                0x0000000000000030       0x30 CMakeFiles/project1.dir/heap.c.o
 .debug_aranges
                0x0000000000000060       0x30 CMakeFiles/project1.dir/unit_helper_v2.c.o
 .debug_aranges
                0x0000000000000090       0x30 CMakeFiles/project1.dir/unit_test_v2.c.o
 .debug_aranges
                0x00000000000000c0       0x30 CMakeFiles/project1.dir/rdebug.c.o
 .debug_aranges
                0x00000000000000f0       0x30 CMakeFiles/project1.dir/memmanager.c.o

.debug_pubnames
 *(.debug_pubnames)

.debug_info     0x0000000000000000     0xa766
 *(.debug_info .gnu.linkonce.wi.*)
 .debug_info    0x0000000000000000      0x3e0 CMakeFiles/project1.dir/1_9.c.o
 .debug_info    0x00000000000003e0     0x1239 CMakeFiles/project1.dir/heap.c.o
 .debug_info    0x0000000000001619      0xd1c CMakeFiles/project1.dir/unit_helper_v2.c.o
 .debug_info    0x0000000000002335     0x5f16 CMakeFiles/project1.dir/unit_test_v2.c.o
 .debug_info    0x000000000000824b     0x1c01 CMakeFiles/project1.dir/rdebug.c.o
 .debug_info    0x0000000000009e4c      0x91a CMakeFiles/project1.dir/memmanager.c.o

.debug_abbrev   0x0000000000000000      0xe1d
 *(.debug_abbrev)
 .debug_abbrev  0x0000000000000000       0xe2 CMakeFiles/project1.dir/1_9.c.o
 .debug_abbrev  0x00000000000000e2      0x2ad CMakeFiles/project1.dir/heap.c.o
 .debug_abbrev  0x000000000000038f      0x331 CMakeFiles/project1.dir/unit_helper_v2.c.o
 .debug_abbrev  0x00000000000006c0      0x23b CMakeFiles/project1.dir/unit_test_v2.c.o
 .debug_abbrev  0x00000000000008fb      0x306 CMakeFiles/project1.dir/rdebug.c.o
 .debug_abbrev  0x0000000000000c01      0x21c CMakeFiles/project1.dir/memmanager.c.o

.debug_line     0x0000000000000000     0xea05
 *(.debug_line .debug_line.* .debug_line_end)
 .debug_line    0x0000000000000000      0x4dd CMakeFiles/project1.dir/1_9.c.o
 .debug_line    0x00000000000004dd     0x1202 CMakeFiles/project1.dir/heap.c.o
 .debug_line    0x00000000000016df      0x9e2 CMakeFiles/project1.dir/unit_helper_v2.c.o
 .debug_line    0x00000000000020c1     0xac4b CMakeFiles/project1.dir/unit_test_v2.c.o
 .debug_line    0x000000000000cd0c     0x1429 CMakeFiles/project1.dir/rdebug.c.o
 .debug_line    0x000000000000e135      0x8d0 CMakeFiles/project1.dir/memmanager.c.o

.debug_frame
 *(.debug_frame)

.debug_str      0x0000000000000000    0x1327e
 *(.debug_str)
 .debug_str     0x0000000000000000     0xb65e CMakeFiles/project1.dir/1_9.c.o
                                       0xb97d (size before relaxing)
 .debug_str     0x000000000000b65e      0x488 CMakeFiles/project1.dir/heap.c.o
                                       0xbe28 (size before relaxing)
 .debug_str     0x000000000000bae6     0x3ec9 CMakeFiles/project1.dir/unit_helper_v2.c.o
                                       0x9ef4 (size before relaxing)
 .debug_str     0x000000000000f9af      0xb3a CMakeFiles/project1.dir/unit_test_v2.c.o
                                       0xea90 (size before relaxing)
 .debug_str     0x00000000000104e9     0x2a61 CMakeFiles/project1.dir/rdebug.c.o
                                       0xf3b9 (size before relaxing)
 .debug_str     0x0000000000012f4a      0x334 CMakeFiles/project1.dir/memmanager.c.o
                                       0xd2ae (size before relaxing)

.debug_loc
 *(.debug_loc)

.debug_macinfo
 *(.debug_macinfo)

.debug_weaknames
 *(.debug_weaknames)

.debug_funcnames
 *(.debug_funcnames)

.debug_typenames
 *(.debug_typenames)

.debug_varnames
 *(.debug_varnames)

.debug_pubtypes
 *(.debug_pubtypes)

.debug_ranges
 *(.debug_ranges)

.debug_macro    0x0000000000000000     0x5fec
 *(.debug_macro)
 .debug_macro   0x0000000000000000      0x365 CMakeFiles/project1.dir/1_9.c.o
 .debug_macro   0x0000000000000365      0x814 CMakeFiles/project1.dir/1_9.c.o
 .debug_macro   0x0000000000000b79       0x1c CMakeFiles/project1.dir/1_9.c.o
 .debug_macro   0x0000000000000b95      0x293 CMakeFiles/project1.dir/1_9.c.o
 .debug_macro   0x0000000000000e28      0x171 CMakeFiles/project1.dir/1_9.c.o
 .debug_macro   0x0000000000000f99       0x16 CMakeFiles/project1.dir/1_9.c.o
 .debug_macro   0x0000000000000faf       0x4a CMakeFiles/project1.dir/1_9.c.o
 .debug_macro   0x0000000000000ff9       0x58 CMakeFiles/project1.dir/1_9.c.o
 .debug_macro   0x0000000000001051       0x64 CMakeFiles/project1.dir/1_9.c.o
 .debug_macro   0x00000000000010b5      0x190 CMakeFiles/project1.dir/1_9.c.o
 .debug_macro   0x0000000000001245       0x4c CMakeFiles/project1.dir/1_9.c.o
 .debug_macro   0x0000000000001291       0x19 CMakeFiles/project1.dir/1_9.c.o
 .debug_macro   0x00000000000012aa       0x66 CMakeFiles/project1.dir/1_9.c.o
 .debug_macro   0x0000000000001310       0xee CMakeFiles/project1.dir/1_9.c.o
 .debug_macro   0x00000000000013fe       0x19 CMakeFiles/project1.dir/1_9.c.o
 .debug_macro   0x0000000000001417       0x97 CMakeFiles/project1.dir/1_9.c.o
 .debug_macro   0x00000000000014ae       0x90 CMakeFiles/project1.dir/1_9.c.o
 .debug_macro   0x000000000000153e      0x824 CMakeFiles/project1.dir/1_9.c.o
 .debug_macro   0x0000000000001d62       0x27 CMakeFiles/project1.dir/1_9.c.o
 .debug_macro   0x0000000000001d89       0x10 CMakeFiles/project1.dir/1_9.c.o
 .debug_macro   0x0000000000001d99       0x3a CMakeFiles/project1.dir/1_9.c.o
 .debug_macro   0x0000000000001dd3       0x16 CMakeFiles/project1.dir/1_9.c.o
 .debug_macro   0x0000000000001de9      0x299 CMakeFiles/project1.dir/1_9.c.o
 .debug_macro   0x0000000000002082       0x10 CMakeFiles/project1.dir/1_9.c.o
 .debug_macro   0x0000000000002092       0x10 CMakeFiles/project1.dir/1_9.c.o
 .debug_macro   0x00000000000020a2       0x10 CMakeFiles/project1.dir/1_9.c.o
 .debug_macro   0x00000000000020b2       0x20 CMakeFiles/project1.dir/1_9.c.o
 .debug_macro   0x00000000000020d2       0x10 CMakeFiles/project1.dir/1_9.c.o
 .debug_macro   0x00000000000020e2       0x34 CMakeFiles/project1.dir/1_9.c.o
 .debug_macro   0x0000000000002116       0x4c CMakeFiles/project1.dir/1_9.c.o
 .debug_macro   0x0000000000002162       0x34 CMakeFiles/project1.dir/1_9.c.o
 .debug_macro   0x0000000000002196       0x2e CMakeFiles/project1.dir/1_9.c.o
 .debug_macro   0x00000000000021c4       0x10 CMakeFiles/project1.dir/1_9.c.o
 .debug_macro   0x00000000000021d4       0x10 CMakeFiles/project1.dir/1_9.c.o
 .debug_macro   0x00000000000021e4       0x12 CMakeFiles/project1.dir/1_9.c.o
 .debug_macro   0x00000000000021f6       0x10 CMakeFiles/project1.dir/1_9.c.o
 .debug_macro   0x0000000000002206       0x12 CMakeFiles/project1.dir/1_9.c.o
 .debug_macro   0x0000000000002218       0x1c CMakeFiles/project1.dir/1_9.c.o
 .debug_macro   0x0000000000002234       0x28 CMakeFiles/project1.dir/1_9.c.o
 .debug_macro   0x000000000000225c       0x1c CMakeFiles/project1.dir/1_9.c.o
 .debug_macro   0x0000000000002278       0x4c CMakeFiles/project1.dir/1_9.c.o
 .debug_macro   0x00000000000022c4       0x16 CMakeFiles/project1.dir/1_9.c.o
 .debug_macro   0x00000000000022da       0xca CMakeFiles/project1.dir/1_9.c.o
 .debug_macro   0x00000000000023a4       0x5e CMakeFiles/project1.dir/1_9.c.o
 .debug_macro   0x0000000000002402       0x94 CMakeFiles/project1.dir/1_9.c.o
 .debug_macro   0x0000000000002496       0x16 CMakeFiles/project1.dir/1_9.c.o
 .debug_macro   0x00000000000024ac       0x58 CMakeFiles/project1.dir/1_9.c.o
 .debug_macro   0x0000000000002504       0xfa CMakeFiles/project1.dir/1_9.c.o
 .debug_macro   0x00000000000025fe       0x11 CMakeFiles/project1.dir/1_9.c.o
 .debug_macro   0x000000000000260f       0x76 CMakeFiles/project1.dir/1_9.c.o
 .debug_macro   0x0000000000002685       0x17 CMakeFiles/project1.dir/1_9.c.o
 .debug_macro   0x000000000000269c       0xbb CMakeFiles/project1.dir/1_9.c.o
 .debug_macro   0x0000000000002757       0x34 CMakeFiles/project1.dir/1_9.c.o
 .debug_macro   0x000000000000278b      0x365 CMakeFiles/project1.dir/heap.c.o
 .debug_macro   0x0000000000002af0      0x4fa CMakeFiles/project1.dir/unit_helper_v2.c.o
 .debug_macro   0x0000000000002fea       0x34 CMakeFiles/project1.dir/unit_helper_v2.c.o
 .debug_macro   0x000000000000301e       0x5e CMakeFiles/project1.dir/unit_helper_v2.c.o
 .debug_macro   0x000000000000307c       0x37 CMakeFiles/project1.dir/unit_helper_v2.c.o
 .debug_macro   0x00000000000030b3       0x4c CMakeFiles/project1.dir/unit_helper_v2.c.o
 .debug_macro   0x00000000000030ff       0x49 CMakeFiles/project1.dir/unit_helper_v2.c.o
 .debug_macro   0x0000000000003148      0x29f CMakeFiles/project1.dir/unit_helper_v2.c.o
 .debug_macro   0x00000000000033e7       0x16 CMakeFiles/project1.dir/unit_helper_v2.c.o
 .debug_macro   0x00000000000033fd       0x97 CMakeFiles/project1.dir/unit_helper_v2.c.o
 .debug_macro   0x0000000000003494       0x52 CMakeFiles/project1.dir/unit_helper_v2.c.o
 .debug_macro   0x00000000000034e6       0x4c CMakeFiles/project1.dir/unit_helper_v2.c.o
 .debug_macro   0x0000000000003532       0x2e CMakeFiles/project1.dir/unit_helper_v2.c.o
 .debug_macro   0x0000000000003560       0x2e CMakeFiles/project1.dir/unit_helper_v2.c.o
 .debug_macro   0x000000000000358e       0x86 CMakeFiles/project1.dir/unit_helper_v2.c.o
 .debug_macro   0x0000000000003614       0x28 CMakeFiles/project1.dir/unit_helper_v2.c.o
 .debug_macro   0x000000000000363c       0x52 CMakeFiles/project1.dir/unit_helper_v2.c.o
 .debug_macro   0x000000000000368e       0x19 CMakeFiles/project1.dir/unit_helper_v2.c.o
 .debug_macro   0x00000000000036a7       0x12 CMakeFiles/project1.dir/unit_helper_v2.c.o
 .debug_macro   0x00000000000036b9       0x22 CMakeFiles/project1.dir/unit_helper_v2.c.o
 .debug_macro   0x00000000000036db       0x10 CMakeFiles/project1.dir/unit_helper_v2.c.o
 .debug_macro   0x00000000000036eb       0x46 CMakeFiles/project1.dir/unit_helper_v2.c.o
 .debug_macro   0x0000000000003731       0x20 CMakeFiles/project1.dir/unit_helper_v2.c.o
 .debug_macro   0x0000000000003751       0x10 CMakeFiles/project1.dir/unit_helper_v2.c.o
 .debug_macro   0x0000000000003761       0x10 CMakeFiles/project1.dir/unit_helper_v2.c.o
 .debug_macro   0x0000000000003771      0x171 CMakeFiles/project1.dir/unit_helper_v2.c.o
 .debug_macro   0x00000000000038e2       0xaa CMakeFiles/project1.dir/unit_helper_v2.c.o
 .debug_macro   0x000000000000398c       0x27 CMakeFiles/project1.dir/unit_helper_v2.c.o
 .debug_macro   0x00000000000039b3       0xd6 CMakeFiles/project1.dir/unit_helper_v2.c.o
 .debug_macro   0x0000000000003a89      0x256 CMakeFiles/project1.dir/unit_helper_v2.c.o
 .debug_macro   0x0000000000003cdf       0xf4 CMakeFiles/project1.dir/unit_helper_v2.c.o
 .debug_macro   0x0000000000003dd3       0x94 CMakeFiles/project1.dir/unit_helper_v2.c.o
 .debug_macro   0x0000000000003e67       0x10 CMakeFiles/project1.dir/unit_helper_v2.c.o
 .debug_macro   0x0000000000003e77       0xb4 CMakeFiles/project1.dir/unit_helper_v2.c.o
 .debug_macro   0x0000000000003f2b      0x148 CMakeFiles/project1.dir/unit_helper_v2.c.o
 .debug_macro   0x0000000000004073       0x1c CMakeFiles/project1.dir/unit_helper_v2.c.o
 .debug_macro   0x000000000000408f       0x22 CMakeFiles/project1.dir/unit_helper_v2.c.o
 .debug_macro   0x00000000000040b1       0x12 CMakeFiles/project1.dir/unit_helper_v2.c.o
 .debug_macro   0x00000000000040c3       0x6a CMakeFiles/project1.dir/unit_helper_v2.c.o
 .debug_macro   0x000000000000412d       0x1c CMakeFiles/project1.dir/unit_helper_v2.c.o
 .debug_macro   0x0000000000004149       0x10 CMakeFiles/project1.dir/unit_helper_v2.c.o
 .debug_macro   0x0000000000004159       0xad CMakeFiles/project1.dir/unit_helper_v2.c.o
 .debug_macro   0x0000000000004206       0x16 CMakeFiles/project1.dir/unit_helper_v2.c.o
 .debug_macro   0x000000000000421c       0x16 CMakeFiles/project1.dir/unit_helper_v2.c.o
 .debug_macro   0x0000000000004232       0x12 CMakeFiles/project1.dir/unit_helper_v2.c.o
 .debug_macro   0x0000000000004244       0x34 CMakeFiles/project1.dir/unit_helper_v2.c.o
 .debug_macro   0x0000000000004278      0x58c CMakeFiles/project1.dir/unit_test_v2.c.o
 .debug_macro   0x0000000000004804       0x10 CMakeFiles/project1.dir/unit_test_v2.c.o
 .debug_macro   0x0000000000004814       0x65 CMakeFiles/project1.dir/unit_test_v2.c.o
 .debug_macro   0x0000000000004879       0x6a CMakeFiles/project1.dir/unit_test_v2.c.o
 .debug_macro   0x00000000000048e3       0x27 CMakeFiles/project1.dir/unit_test_v2.c.o
 .debug_macro   0x000000000000490a       0x3c CMakeFiles/project1.dir/unit_test_v2.c.o
 .debug_macro   0x0000000000004946      0x100 CMakeFiles/project1.dir/unit_test_v2.c.o
 .debug_macro   0x0000000000004a46      0x61f CMakeFiles/project1.dir/rdebug.c.o
 .debug_macro   0x0000000000005065       0x8d CMakeFiles/project1.dir/rdebug.c.o
 .debug_macro   0x00000000000050f2       0x35 CMakeFiles/project1.dir/rdebug.c.o
 .debug_macro   0x0000000000005127      0x3a3 CMakeFiles/project1.dir/rdebug.c.o
 .debug_macro   0x00000000000054ca       0xac CMakeFiles/project1.dir/rdebug.c.o
 .debug_macro   0x0000000000005576       0x1c CMakeFiles/project1.dir/rdebug.c.o
 .debug_macro   0x0000000000005592       0x10 CMakeFiles/project1.dir/rdebug.c.o
 .debug_macro   0x00000000000055a2      0x325 CMakeFiles/project1.dir/rdebug.c.o
 .debug_macro   0x00000000000058c7       0x34 CMakeFiles/project1.dir/rdebug.c.o
 .debug_macro   0x00000000000058fb       0x58 CMakeFiles/project1.dir/rdebug.c.o
 .debug_macro   0x0000000000005953       0xce CMakeFiles/project1.dir/rdebug.c.o
 .debug_macro   0x0000000000005a21       0xa3 CMakeFiles/project1.dir/rdebug.c.o
 .debug_macro   0x0000000000005ac4       0x23 CMakeFiles/project1.dir/rdebug.c.o
 .debug_macro   0x0000000000005ae7      0x4a4 CMakeFiles/project1.dir/memmanager.c.o
 .debug_macro   0x0000000000005f8b       0x61 CMakeFiles/project1.dir/memmanager.c.o

.debug_addr
 *(.debug_addr)

.gnu.attributes
 *(.gnu.attributes)

/DISCARD/
 *(.note.GNU-stack)
 *(.gnu_debuglink)
 *(.gnu.lto_*)
OUTPUT(project1 elf64-x86-64)

Cross Reference Table

Symbol                                            File
GLIBC_2.10                                        //lib/x86_64-linux-gnu/libc.so.6
GLIBC_2.11                                        /usr/lib/gcc/x86_64-linux-gnu/8/../../../x86_64-linux-gnu/libpthread.so
                                                  //lib/x86_64-linux-gnu/libc.so.6
GLIBC_2.12                                        /usr/lib/gcc/x86_64-linux-gnu/8/../../../x86_64-linux-gnu/libpthread.so
                                                  //lib/x86_64-linux-gnu/libc.so.6
GLIBC_2.13                                        //lib/x86_64-linux-gnu/libc.so.6
GLIBC_2.14                                        //lib/x86_64-linux-gnu/libc.so.6
GLIBC_2.15                                        //lib/x86_64-linux-gnu/libm.so.6
                                                  //lib/x86_64-linux-gnu/libc.so.6
GLIBC_2.16                                        //lib/x86_64-linux-gnu/libc.so.6
GLIBC_2.17                                        //lib/x86_64-linux-gnu/libc.so.6
GLIBC_2.18                                        /usr/lib/gcc/x86_64-linux-gnu/8/../../../x86_64-linux-gnu/libpthread.so
                                                  //lib/x86_64-linux-gnu/libc.so.6
                                                  //lib/x86_64-linux-gnu/libm.so.6
GLIBC_2.2.5                                       /usr/lib/gcc/x86_64-linux-gnu/8/../../../x86_64-linux-gnu/libpthread.so
                                                  //lib/x86_64-linux-gnu/ld-linux-x86-64.so.2
                                                  //lib/x86_64-linux-gnu/libc.so.6
                                                  //lib/x86_64-linux-gnu/libm.so.6
GLIBC_2.2.6                                       /usr/lib/gcc/x86_64-linux-gnu/8/../../../x86_64-linux-gnu/libpthread.so
                                                  //lib/x86_64-linux-gnu/libc.so.6
GLIBC_2.22                                        //lib/x86_64-linux-gnu/libc.so.6
GLIBC_2.23                                        //lib/x86_64-linux-gnu/libm.so.6
                                                  //lib/x86_64-linux-gnu/libc.so.6
GLIBC_2.24                                        //lib/x86_64-linux-gnu/libm.so.6
                                                  //lib/x86_64-linux-gnu/libc.so.6
GLIBC_2.25                                        //lib/x86_64-linux-gnu/libm.so.6
                                                  //lib/x86_64-linux-gnu/libc.so.6
GLIBC_2.26                                        //lib/x86_64-linux-gnu/libm.so.6
                                                  //lib/x86_64-linux-gnu/libc.so.6
GLIBC_2.27                                        //lib/x86_64-linux-gnu/libm.so.6
                                                  //lib/x86_64-linux-gnu/libc.so.6
GLIBC_2.28                                        /usr/lib/gcc/x86_64-linux-gnu/8/../../../x86_64-linux-gnu/libpthread.so
                                                  //lib/x86_64-linux-gnu/libc.so.6
                                                  //lib/x86_64-linux-gnu/libm.so.6
GLIBC_2.3                                         //lib/x86_64-linux-gnu/libc.so.6
                                                  //lib/x86_64-linux-gnu/ld-linux-x86-64.so.2
GLIBC_2.3.2                                       /usr/lib/gcc/x86_64-linux-gnu/8/../../../x86_64-linux-gnu/libpthread.so
                                                  //lib/x86_64-linux-gnu/libc.so.6
GLIBC_2.3.3                                       /usr/lib/gcc/x86_64-linux-gnu/8/../../../x86_64-linux-gnu/libpthread.so
                                                  //lib/x86_64-linux-gnu/libc.so.6
GLIBC_2.3.4                                       /usr/lib/gcc/x86_64-linux-gnu/8/../../../x86_64-linux-gnu/libpthread.so
                                                  //lib/x86_64-linux-gnu/libc.so.6
GLIBC_2.4                                         /usr/lib/gcc/x86_64-linux-gnu/8/../../../x86_64-linux-gnu/libpthread.so
                                                  //lib/x86_64-linux-gnu/ld-linux-x86-64.so.2
                                                  //lib/x86_64-linux-gnu/libc.so.6
                                                  //lib/x86_64-linux-gnu/libm.so.6
GLIBC_2.5                                         //lib/x86_64-linux-gnu/libc.so.6
GLIBC_2.6                                         //lib/x86_64-linux-gnu/libc.so.6
GLIBC_2.7                                         //lib/x86_64-linux-gnu/libc.so.6
GLIBC_2.8                                         //lib/x86_64-linux-gnu/libc.so.6
GLIBC_2.9                                         //lib/x86_64-linux-gnu/libc.so.6
GLIBC_PRIVATE                                     /usr/lib/gcc/x86_64-linux-gnu/8/../../../x86_64-linux-gnu/libpthread.so
                                                  //lib/x86_64-linux-gnu/ld-linux-x86-64.so.2
                                                  //lib/x86_64-linux-gnu/libc.so.6
UTEST1                                            CMakeFiles/project1.dir/unit_test_v2.c.o
UTEST10                                           CMakeFiles/project1.dir/unit_test_v2.c.o
UTEST100                                          CMakeFiles/project1.dir/unit_test_v2.c.o
UTEST101                                          CMakeFiles/project1.dir/unit_test_v2.c.o
UTEST102                                          CMakeFiles/project1.dir/unit_test_v2.c.o
UTEST103                                          CMakeFiles/project1.dir/unit_test_v2.c.o
UTEST104                                          CMakeFiles/project1.dir/unit_test_v2.c.o
UTEST105                                          CMakeFiles/project1.dir/unit_test_v2.c.o
UTEST106                                          CMakeFiles/project1.dir/unit_test_v2.c.o
UTEST107                                          CMakeFiles/project1.dir/unit_test_v2.c.o
UTEST108                                          CMakeFiles/project1.dir/unit_test_v2.c.o
UTEST109                                          CMakeFiles/project1.dir/unit_test_v2.c.o
UTEST11                                           CMakeFiles/project1.dir/unit_test_v2.c.o
UTEST110                                          CMakeFiles/project1.dir/unit_test_v2.c.o
UTEST111                                          CMakeFiles/project1.dir/unit_test_v2.c.o
UTEST112                                          CMakeFiles/project1.dir/unit_test_v2.c.o
UTEST113                                          CMakeFiles/project1.dir/unit_test_v2.c.o
UTEST114                                          CMakeFiles/project1.dir/unit_test_v2.c.o
UTEST115                                          CMakeFiles/project1.dir/unit_test_v2.c.o
UTEST116                                          CMakeFiles/project1.dir/unit_test_v2.c.o
UTEST117                                          CMakeFiles/project1.dir/unit_test_v2.c.o
UTEST118                                          CMakeFiles/project1.dir/unit_test_v2.c.o
UTEST119                                          CMakeFiles/project1.dir/unit_test_v2.c.o
UTEST12                                           CMakeFiles/project1.dir/unit_test_v2.c.o
UTEST120                                          CMakeFiles/project1.dir/unit_test_v2.c.o
UTEST121                                          CMakeFiles/project1.dir/unit_test_v2.c.o
UTEST122                                          CMakeFiles/project1.dir/unit_test_v2.c.o
UTEST123                                          CMakeFiles/project1.dir/unit_test_v2.c.o
UTEST124                                          CMakeFiles/project1.dir/unit_test_v2.c.o
UTEST125                                          CMakeFiles/project1.dir/unit_test_v2.c.o
UTEST126                                          CMakeFiles/project1.dir/unit_test_v2.c.o
UTEST127                                          CMakeFiles/project1.dir/unit_test_v2.c.o
UTEST128                                          CMakeFiles/project1.dir/unit_test_v2.c.o
UTEST129                                          CMakeFiles/project1.dir/unit_test_v2.c.o
UTEST13                                           CMakeFiles/project1.dir/unit_test_v2.c.o
UTEST130                                          CMakeFiles/project1.dir/unit_test_v2.c.o
UTEST131                                          CMakeFiles/project1.dir/unit_test_v2.c.o
UTEST132                                          CMakeFiles/project1.dir/unit_test_v2.c.o
UTEST133                                          CMakeFiles/project1.dir/unit_test_v2.c.o
UTEST134                                          CMakeFiles/project1.dir/unit_test_v2.c.o
UTEST135                                          CMakeFiles/project1.dir/unit_test_v2.c.o
UTEST136                                          CMakeFiles/project1.dir/unit_test_v2.c.o
UTEST137                                          CMakeFiles/project1.dir/unit_test_v2.c.o
UTEST138                                          CMakeFiles/project1.dir/unit_test_v2.c.o
UTEST139                                          CMakeFiles/project1.dir/unit_test_v2.c.o
UTEST14                                           CMakeFiles/project1.dir/unit_test_v2.c.o
UTEST15                                           CMakeFiles/project1.dir/unit_test_v2.c.o
UTEST16                                           CMakeFiles/project1.dir/unit_test_v2.c.o
UTEST17                                           CMakeFiles/project1.dir/unit_test_v2.c.o
UTEST18                                           CMakeFiles/project1.dir/unit_test_v2.c.o
UTEST19                                           CMakeFiles/project1.dir/unit_test_v2.c.o
UTEST2                                            CMakeFiles/project1.dir/unit_test_v2.c.o
UTEST20                                           CMakeFiles/project1.dir/unit_test_v2.c.o
UTEST21                                           CMakeFiles/project1.dir/unit_test_v2.c.o
UTEST22                                           CMakeFiles/project1.dir/unit_test_v2.c.o
UTEST23                                           CMakeFiles/project1.dir/unit_test_v2.c.o
UTEST24                                           CMakeFiles/project1.dir/unit_test_v2.c.o
UTEST25                                           CMakeFiles/project1.dir/unit_test_v2.c.o
UTEST26                                           CMakeFiles/project1.dir/unit_test_v2.c.o
UTEST27                                           CMakeFiles/project1.dir/unit_test_v2.c.o
UTEST28                                           CMakeFiles/project1.dir/unit_test_v2.c.o
UTEST29                                           CMakeFiles/project1.dir/unit_test_v2.c.o
UTEST3                                            CMakeFiles/project1.dir/unit_test_v2.c.o
UTEST30                                           CMakeFiles/project1.dir/unit_test_v2.c.o
UTEST31                                           CMakeFiles/project1.dir/unit_test_v2.c.o
UTEST32                                           CMakeFiles/project1.dir/unit_test_v2.c.o
UTEST33                                           CMakeFiles/project1.dir/unit_test_v2.c.o
UTEST34                                           CMakeFiles/project1.dir/unit_test_v2.c.o
UTEST35                                           CMakeFiles/project1.dir/unit_test_v2.c.o
UTEST36                                           CMakeFiles/project1.dir/unit_test_v2.c.o
UTEST37                                           CMakeFiles/project1.dir/unit_test_v2.c.o
UTEST38                                           CMakeFiles/project1.dir/unit_test_v2.c.o
UTEST39                                           CMakeFiles/project1.dir/unit_test_v2.c.o
UTEST4                                            CMakeFiles/project1.dir/unit_test_v2.c.o
UTEST40                                           CMakeFiles/project1.dir/unit_test_v2.c.o
UTEST41                                           CMakeFiles/project1.dir/unit_test_v2.c.o
UTEST42                                           CMakeFiles/project1.dir/unit_test_v2.c.o
UTEST43                                           CMakeFiles/project1.dir/unit_test_v2.c.o
UTEST44                                           CMakeFiles/project1.dir/unit_test_v2.c.o
UTEST45                                           CMakeFiles/project1.dir/unit_test_v2.c.o
UTEST46                                           CMakeFiles/project1.dir/unit_test_v2.c.o
UTEST47                                           CMakeFiles/project1.dir/unit_test_v2.c.o
UTEST48                                           CMakeFiles/project1.dir/unit_test_v2.c.o
UTEST49                                           CMakeFiles/project1.dir/unit_test_v2.c.o
UTEST5                                            CMakeFiles/project1.dir/unit_test_v2.c.o
UTEST50                                           CMakeFiles/project1.dir/unit_test_v2.c.o
UTEST51                                           CMakeFiles/project1.dir/unit_test_v2.c.o
UTEST52                                           CMakeFiles/project1.dir/unit_test_v2.c.o
UTEST53                                           CMakeFiles/project1.dir/unit_test_v2.c.o
UTEST54                                           CMakeFiles/project1.dir/unit_test_v2.c.o
UTEST55                                           CMakeFiles/project1.dir/unit_test_v2.c.o
UTEST56                                           CMakeFiles/project1.dir/unit_test_v2.c.o
UTEST57                                           CMakeFiles/project1.dir/unit_test_v2.c.o
UTEST58                                           CMakeFiles/project1.dir/unit_test_v2.c.o
UTEST59                                           CMakeFiles/project1.dir/unit_test_v2.c.o
UTEST6                                            CMakeFiles/project1.dir/unit_test_v2.c.o
UTEST60                                           CMakeFiles/project1.dir/unit_test_v2.c.o
UTEST61                                           CMakeFiles/project1.dir/unit_test_v2.c.o
UTEST62                                           CMakeFiles/project1.dir/unit_test_v2.c.o
UTEST63                                           CMakeFiles/project1.dir/unit_test_v2.c.o
UTEST64                                           CMakeFiles/project1.dir/unit_test_v2.c.o
UTEST65                                           CMakeFiles/project1.dir/unit_test_v2.c.o
UTEST66                                           CMakeFiles/project1.dir/unit_test_v2.c.o
UTEST67                                           CMakeFiles/project1.dir/unit_test_v2.c.o
UTEST68                                           CMakeFiles/project1.dir/unit_test_v2.c.o
UTEST69                                           CMakeFiles/project1.dir/unit_test_v2.c.o
UTEST7                                            CMakeFiles/project1.dir/unit_test_v2.c.o
UTEST70                                           CMakeFiles/project1.dir/unit_test_v2.c.o
UTEST71                                           CMakeFiles/project1.dir/unit_test_v2.c.o
UTEST72                                           CMakeFiles/project1.dir/unit_test_v2.c.o
UTEST73                                           CMakeFiles/project1.dir/unit_test_v2.c.o
UTEST74                                           CMakeFiles/project1.dir/unit_test_v2.c.o
UTEST75                                           CMakeFiles/project1.dir/unit_test_v2.c.o
UTEST76                                           CMakeFiles/project1.dir/unit_test_v2.c.o
UTEST77                                           CMakeFiles/project1.dir/unit_test_v2.c.o
UTEST78                                           CMakeFiles/project1.dir/unit_test_v2.c.o
UTEST79                                           CMakeFiles/project1.dir/unit_test_v2.c.o
UTEST8                                            CMakeFiles/project1.dir/unit_test_v2.c.o
UTEST80                                           CMakeFiles/project1.dir/unit_test_v2.c.o
UTEST81                                           CMakeFiles/project1.dir/unit_test_v2.c.o
UTEST82                                           CMakeFiles/project1.dir/unit_test_v2.c.o
UTEST83                                           CMakeFiles/project1.dir/unit_test_v2.c.o
UTEST84                                           CMakeFiles/project1.dir/unit_test_v2.c.o
UTEST85                                           CMakeFiles/project1.dir/unit_test_v2.c.o
UTEST86                                           CMakeFiles/project1.dir/unit_test_v2.c.o
UTEST87                                           CMakeFiles/project1.dir/unit_test_v2.c.o
UTEST88                                           CMakeFiles/project1.dir/unit_test_v2.c.o
UTEST89                                           CMakeFiles/project1.dir/unit_test_v2.c.o
UTEST9                                            CMakeFiles/project1.dir/unit_test_v2.c.o
UTEST90                                           CMakeFiles/project1.dir/unit_test_v2.c.o
UTEST91                                           CMakeFiles/project1.dir/unit_test_v2.c.o
UTEST92                                           CMakeFiles/project1.dir/unit_test_v2.c.o
UTEST93                                           CMakeFiles/project1.dir/unit_test_v2.c.o
UTEST94                                           CMakeFiles/project1.dir/unit_test_v2.c.o
UTEST95                                           CMakeFiles/project1.dir/unit_test_v2.c.o
UTEST96                                           CMakeFiles/project1.dir/unit_test_v2.c.o
UTEST97                                           CMakeFiles/project1.dir/unit_test_v2.c.o
UTEST98                                           CMakeFiles/project1.dir/unit_test_v2.c.o
UTEST99                                           CMakeFiles/project1.dir/unit_test_v2.c.o
_DYNAMIC                                          /usr/lib/gcc/x86_64-linux-gnu/8/../../../x86_64-linux-gnu/Scrt1.o
_Exit                                             //lib/x86_64-linux-gnu/libc.so.6
_Exit@@GLIBC_2.2.5                                //lib/x86_64-linux-gnu/libc.so.6
_Exit@GLIBC_2.2.5                                 //lib/x86_64-linux-gnu/libc.so.6
_GLOBAL_OFFSET_TABLE_                             /usr/lib/gcc/x86_64-linux-gnu/8/../../../x86_64-linux-gnu/Scrt1.o
                                                  //usr/lib/x86_64-linux-gnu/libc_nonshared.a(elf-init.oS)
                                                  CMakeFiles/project1.dir/memmanager.c.o
                                                  CMakeFiles/project1.dir/rdebug.c.o
                                                  CMakeFiles/project1.dir/unit_test_v2.c.o
                                                  CMakeFiles/project1.dir/unit_helper_v2.c.o
                                                  CMakeFiles/project1.dir/heap.c.o
                                                  /usr/lib/gcc/x86_64-linux-gnu/8/crtbeginS.o
                                                  /usr/lib/gcc/x86_64-linux-gnu/8/../../../x86_64-linux-gnu/crti.o
_IO_fprintf                                       //lib/x86_64-linux-gnu/libc.so.6
_IO_fprintf@@GLIBC_2.2.5                          //lib/x86_64-linux-gnu/libc.so.6
_IO_fprintf@GLIBC_2.2.5                           //lib/x86_64-linux-gnu/libc.so.6
_IO_stdin_used                                    /usr/lib/gcc/x86_64-linux-gnu/8/../../../x86_64-linux-gnu/Scrt1.o
_ITM_deregisterTMCloneTable                       //lib/x86_64-linux-gnu/libm.so.6
                                                  /usr/lib/gcc/x86_64-linux-gnu/8/../../../x86_64-linux-gnu/libpthread.so
                                                  /usr/lib/gcc/x86_64-linux-gnu/8/crtbeginS.o
_ITM_registerTMCloneTable                         //lib/x86_64-linux-gnu/libm.so.6
                                                  /usr/lib/gcc/x86_64-linux-gnu/8/../../../x86_64-linux-gnu/libpthread.so
                                                  /usr/lib/gcc/x86_64-linux-gnu/8/crtbeginS.o
__GNU_EH_FRAME_HDR                                project1
__TMC_END__                                       /usr/lib/gcc/x86_64-linux-gnu/8/crtendS.o
                                                  /usr/lib/gcc/x86_64-linux-gnu/8/crtbeginS.o
__after_morecore_hook                             //lib/x86_64-linux-gnu/libc.so.6
__after_morecore_hook@@GLIBC_2.2.5                //lib/x86_64-linux-gnu/libc.so.6
__after_morecore_hook@GLIBC_2.2.5                 //lib/x86_64-linux-gnu/libc.so.6
__assert_fail                                     //lib/x86_64-linux-gnu/libc.so.6
                                                  CMakeFiles/project1.dir/memmanager.c.o
                                                  CMakeFiles/project1.dir/rdebug.c.o
                                                  CMakeFiles/project1.dir/unit_helper_v2.c.o
__assert_fail@@GLIBC_2.2.5                        //lib/x86_64-linux-gnu/libc.so.6
__assert_fail@GLIBC_2.2.5                         //lib/x86_64-linux-gnu/libc.so.6
                                                  //lib/x86_64-linux-gnu/libm.so.6
                                                  /usr/lib/gcc/x86_64-linux-gnu/8/../../../x86_64-linux-gnu/libpthread.so
__compat_bdflush                                  //lib/x86_64-linux-gnu/libc.so.6
__connect                                         /usr/lib/gcc/x86_64-linux-gnu/8/../../../x86_64-linux-gnu/libpthread.so
__connect@@GLIBC_2.2.5                            /usr/lib/gcc/x86_64-linux-gnu/8/../../../x86_64-linux-gnu/libpthread.so
                                                  //lib/x86_64-linux-gnu/libc.so.6
__connect@GLIBC_2.2.5                             /usr/lib/gcc/x86_64-linux-gnu/8/../../../x86_64-linux-gnu/libpthread.so
__ctype_b_loc                                     //lib/x86_64-linux-gnu/libc.so.6
                                                  CMakeFiles/project1.dir/unit_helper_v2.c.o
__ctype_b_loc@@GLIBC_2.3                          //lib/x86_64-linux-gnu/libc.so.6
__ctype_b_loc@GLIBC_2.3                           //lib/x86_64-linux-gnu/libc.so.6
__ctype_get_mb_cur_max                            //lib/x86_64-linux-gnu/libc.so.6
__ctype_get_mb_cur_max@@GLIBC_2.2.5               //lib/x86_64-linux-gnu/libc.so.6
__ctype_get_mb_cur_max@GLIBC_2.2.5                //lib/x86_64-linux-gnu/libc.so.6
__cxa_finalize                                    //lib/x86_64-linux-gnu/libc.so.6
                                                  /usr/lib/gcc/x86_64-linux-gnu/8/crtbeginS.o
__cxa_finalize@@GLIBC_2.2.5                       //lib/x86_64-linux-gnu/libc.so.6
__cxa_finalize@GLIBC_2.2.5                        //lib/x86_64-linux-gnu/libc.so.6
                                                  //lib/x86_64-linux-gnu/libm.so.6
                                                  /usr/lib/gcc/x86_64-linux-gnu/8/../../../x86_64-linux-gnu/libpthread.so
__data_start                                      /usr/lib/gcc/x86_64-linux-gnu/8/../../../x86_64-linux-gnu/Scrt1.o
__dso_handle                                      /usr/lib/gcc/x86_64-linux-gnu/8/crtbeginS.o
__errno_location                                  /usr/lib/gcc/x86_64-linux-gnu/8/../../../x86_64-linux-gnu/libpthread.so
                                                  CMakeFiles/project1.dir/memmanager.c.o
                                                  CMakeFiles/project1.dir/rdebug.c.o
                                                  CMakeFiles/project1.dir/unit_helper_v2.c.o
__errno_location@@GLIBC_2.2.5                     /usr/lib/gcc/x86_64-linux-gnu/8/../../../x86_64-linux-gnu/libpthread.so
                                                  //lib/x86_64-linux-gnu/libc.so.6
__errno_location@GLIBC_2.2.5                      /usr/lib/gcc/x86_64-linux-gnu/8/../../../x86_64-linux-gnu/libpthread.so
                                                  //lib/x86_64-linux-gnu/libm.so.6
__fcntl                                           //lib/x86_64-linux-gnu/libc.so.6
__fcntl@@GLIBC_2.2.5                              //lib/x86_64-linux-gnu/libc.so.6
__fcntl@GLIBC_2.2.5                               /usr/lib/gcc/x86_64-linux-gnu/8/../../../x86_64-linux-gnu/libpthread.so
__free_hook                                       //lib/x86_64-linux-gnu/libc.so.6
__free_hook@@GLIBC_2.2.5                          //lib/x86_64-linux-gnu/libc.so.6
__free_hook@GLIBC_2.2.5                           //lib/x86_64-linux-gnu/libc.so.6
__getdelim                                        //lib/x86_64-linux-gnu/libc.so.6
__getdelim@@GLIBC_2.2.5                           //lib/x86_64-linux-gnu/libc.so.6
__getdelim@GLIBC_2.2.5                            //lib/x86_64-linux-gnu/libc.so.6
                                                  /usr/lib/gcc/x86_64-linux-gnu/8/../../../x86_64-linux-gnu/libpthread.so
__gmon_start__                                    //lib/x86_64-linux-gnu/libm.so.6
                                                  /usr/lib/gcc/x86_64-linux-gnu/8/../../../x86_64-linux-gnu/crti.o
__init_array_end                                  //usr/lib/x86_64-linux-gnu/libc_nonshared.a(elf-init.oS)
__init_array_start                                //usr/lib/x86_64-linux-gnu/libc_nonshared.a(elf-init.oS)
__isascii_l                                       //lib/x86_64-linux-gnu/libc.so.6
__isascii_l@@GLIBC_2.2.5                          //lib/x86_64-linux-gnu/libc.so.6
__isascii_l@GLIBC_2.2.5                           //lib/x86_64-linux-gnu/libc.so.6
__libc_csu_fini                                   //usr/lib/x86_64-linux-gnu/libc_nonshared.a(elf-init.oS)
                                                  /usr/lib/gcc/x86_64-linux-gnu/8/../../../x86_64-linux-gnu/Scrt1.o
__libc_csu_init                                   //usr/lib/x86_64-linux-gnu/libc_nonshared.a(elf-init.oS)
                                                  /usr/lib/gcc/x86_64-linux-gnu/8/../../../x86_64-linux-gnu/Scrt1.o
__libc_secure_getenv                              //lib/x86_64-linux-gnu/libc.so.6
__libc_secure_getenv@@GLIBC_PRIVATE               //lib/x86_64-linux-gnu/libc.so.6
__libc_secure_getenv@GLIBC_PRIVATE                //lib/x86_64-linux-gnu/libc.so.6
__libdl_freeres                                   //lib/x86_64-linux-gnu/libc.so.6
__lseek                                           /usr/lib/gcc/x86_64-linux-gnu/8/../../../x86_64-linux-gnu/libpthread.so
__lseek@@GLIBC_2.2.5                              /usr/lib/gcc/x86_64-linux-gnu/8/../../../x86_64-linux-gnu/libpthread.so
                                                  //lib/x86_64-linux-gnu/libc.so.6
__lseek@GLIBC_2.2.5                               /usr/lib/gcc/x86_64-linux-gnu/8/../../../x86_64-linux-gnu/libpthread.so
__malloc_hook                                     //lib/x86_64-linux-gnu/libc.so.6
__malloc_hook@@GLIBC_2.2.5                        //lib/x86_64-linux-gnu/libc.so.6
__malloc_hook@GLIBC_2.2.5                         //lib/x86_64-linux-gnu/libc.so.6
__malloc_initialize_hook@GLIBC_2.2.5              //lib/x86_64-linux-gnu/libc.so.6
__memalign_hook                                   //lib/x86_64-linux-gnu/libc.so.6
__memalign_hook@@GLIBC_2.2.5                      //lib/x86_64-linux-gnu/libc.so.6
__memalign_hook@GLIBC_2.2.5                       //lib/x86_64-linux-gnu/libc.so.6
__pread64                                         /usr/lib/gcc/x86_64-linux-gnu/8/../../../x86_64-linux-gnu/libpthread.so
__pread64@@GLIBC_2.2.5                            /usr/lib/gcc/x86_64-linux-gnu/8/../../../x86_64-linux-gnu/libpthread.so
                                                  //lib/x86_64-linux-gnu/libc.so.6
__pread64@GLIBC_2.2.5                             /usr/lib/gcc/x86_64-linux-gnu/8/../../../x86_64-linux-gnu/libpthread.so
__pthread_initialize_minimal                      /usr/lib/gcc/x86_64-linux-gnu/8/../../../x86_64-linux-gnu/libpthread.so
__pthread_initialize_minimal@@GLIBC_PRIVATE       /usr/lib/gcc/x86_64-linux-gnu/8/../../../x86_64-linux-gnu/libpthread.so
__pthread_initialize_minimal@GLIBC_PRIVATE        /usr/lib/gcc/x86_64-linux-gnu/8/../../../x86_64-linux-gnu/libpthread.so
__pwrite64                                        /usr/lib/gcc/x86_64-linux-gnu/8/../../../x86_64-linux-gnu/libpthread.so
__pwrite64@@GLIBC_2.2.5                           /usr/lib/gcc/x86_64-linux-gnu/8/../../../x86_64-linux-gnu/libpthread.so
                                                  //lib/x86_64-linux-gnu/libc.so.6
__pwrite64@GLIBC_2.2.5                            /usr/lib/gcc/x86_64-linux-gnu/8/../../../x86_64-linux-gnu/libpthread.so
__read                                            /usr/lib/gcc/x86_64-linux-gnu/8/../../../x86_64-linux-gnu/libpthread.so
__read@@GLIBC_2.2.5                               /usr/lib/gcc/x86_64-linux-gnu/8/../../../x86_64-linux-gnu/libpthread.so
                                                  //lib/x86_64-linux-gnu/libc.so.6
__read@GLIBC_2.2.5                                /usr/lib/gcc/x86_64-linux-gnu/8/../../../x86_64-linux-gnu/libpthread.so
__realloc_hook                                    //lib/x86_64-linux-gnu/libc.so.6
__realloc_hook@@GLIBC_2.2.5                       //lib/x86_64-linux-gnu/libc.so.6
__realloc_hook@GLIBC_2.2.5                        //lib/x86_64-linux-gnu/libc.so.6
__recv                                            //lib/x86_64-linux-gnu/libc.so.6
__recv@@GLIBC_PRIVATE                             //lib/x86_64-linux-gnu/libc.so.6
__recv@GLIBC_PRIVATE                              //lib/x86_64-linux-gnu/libc.so.6
__secure_getenv@GLIBC_2.2.5                       //lib/x86_64-linux-gnu/libc.so.6
__send                                            /usr/lib/gcc/x86_64-linux-gnu/8/../../../x86_64-linux-gnu/libpthread.so
__send@@GLIBC_2.2.5                               /usr/lib/gcc/x86_64-linux-gnu/8/../../../x86_64-linux-gnu/libpthread.so
                                                  //lib/x86_64-linux-gnu/libc.so.6
__send@GLIBC_2.2.5                                /usr/lib/gcc/x86_64-linux-gnu/8/../../../x86_64-linux-gnu/libpthread.so
__strtoll_l                                       //lib/x86_64-linux-gnu/libc.so.6
__strtoll_l@@GLIBC_2.2.5                          //lib/x86_64-linux-gnu/libc.so.6
__strtoll_l@GLIBC_2.2.5                           //lib/x86_64-linux-gnu/libc.so.6
__strtoull_l                                      //lib/x86_64-linux-gnu/libc.so.6
__strtoull_l@@GLIBC_2.2.5                         //lib/x86_64-linux-gnu/libc.so.6
__strtoull_l@GLIBC_2.2.5                          //lib/x86_64-linux-gnu/libc.so.6
__toascii_l                                       //lib/x86_64-linux-gnu/libc.so.6
__toascii_l@@GLIBC_2.2.5                          //lib/x86_64-linux-gnu/libc.so.6
__toascii_l@GLIBC_2.2.5                           //lib/x86_64-linux-gnu/libc.so.6
__vsnprintf                                       //lib/x86_64-linux-gnu/libc.so.6
__vsnprintf@@GLIBC_2.2.5                          //lib/x86_64-linux-gnu/libc.so.6
__vsnprintf@GLIBC_2.2.5                           //lib/x86_64-linux-gnu/libc.so.6
__vsscanf                                         //lib/x86_64-linux-gnu/libc.so.6
__vsscanf@@GLIBC_2.2.5                            //lib/x86_64-linux-gnu/libc.so.6
__vsscanf@GLIBC_2.2.5                             //lib/x86_64-linux-gnu/libc.so.6
__wait                                            /usr/lib/gcc/x86_64-linux-gnu/8/../../../x86_64-linux-gnu/libpthread.so
__wait@@GLIBC_2.2.5                               /usr/lib/gcc/x86_64-linux-gnu/8/../../../x86_64-linux-gnu/libpthread.so
                                                  //lib/x86_64-linux-gnu/libc.so.6
__wait@GLIBC_2.2.5                                /usr/lib/gcc/x86_64-linux-gnu/8/../../../x86_64-linux-gnu/libpthread.so
__wcstoll_l                                       //lib/x86_64-linux-gnu/libc.so.6
__wcstoll_l@@GLIBC_2.2.5                          //lib/x86_64-linux-gnu/libc.so.6
__wcstoll_l@GLIBC_2.2.5                           //lib/x86_64-linux-gnu/libc.so.6
__wcstoull_l                                      //lib/x86_64-linux-gnu/libc.so.6
__wcstoull_l@@GLIBC_2.2.5                         //lib/x86_64-linux-gnu/libc.so.6
__wcstoull_l@GLIBC_2.2.5                          //lib/x86_64-linux-gnu/libc.so.6
__wrap_main                                       CMakeFiles/project1.dir/unit_test_v2.c.o
                                                  /usr/lib/gcc/x86_64-linux-gnu/8/../../../x86_64-linux-gnu/Scrt1.o
__write                                           /usr/lib/gcc/x86_64-linux-gnu/8/../../../x86_64-linux-gnu/libpthread.so
__write@@GLIBC_2.2.5                              /usr/lib/gcc/x86_64-linux-gnu/8/../../../x86_64-linux-gnu/libpthread.so
                                                  //lib/x86_64-linux-gnu/libc.so.6
__write@GLIBC_2.2.5                               /usr/lib/gcc/x86_64-linux-gnu/8/../../../x86_64-linux-gnu/libpthread.so
__xpg_sigpause                                    //lib/x86_64-linux-gnu/libc.so.6
__xpg_sigpause@@GLIBC_2.2.5                       //lib/x86_64-linux-gnu/libc.so.6
__xpg_sigpause@GLIBC_2.2.5                        //lib/x86_64-linux-gnu/libc.so.6
_dl_starting_up                                   //lib/x86_64-linux-gnu/libc.so.6
_environ                                          //lib/x86_64-linux-gnu/libc.so.6
_environ@@GLIBC_2.2.5                             //lib/x86_64-linux-gnu/libc.so.6
_environ@GLIBC_2.2.5                              //lib/x86_64-linux-gnu/libc.so.6
_fini                                             /usr/lib/gcc/x86_64-linux-gnu/8/../../../x86_64-linux-gnu/crti.o
_flushlbf                                         //lib/x86_64-linux-gnu/libc.so.6
_flushlbf@@GLIBC_2.2.5                            //lib/x86_64-linux-gnu/libc.so.6
_flushlbf@GLIBC_2.2.5                             //lib/x86_64-linux-gnu/libc.so.6
_init                                             /usr/lib/gcc/x86_64-linux-gnu/8/../../../x86_64-linux-gnu/crti.o
                                                  //usr/lib/x86_64-linux-gnu/libc_nonshared.a(elf-init.oS)
_longjmp                                          //lib/x86_64-linux-gnu/libc.so.6
_longjmp@@GLIBC_2.2.5                             //lib/x86_64-linux-gnu/libc.so.6
_longjmp@GLIBC_2.2.5                              //lib/x86_64-linux-gnu/libc.so.6
_rldebug_heap_wrapper                             CMakeFiles/project1.dir/rdebug.c.o
_rldebug_io_wrapper                               CMakeFiles/project1.dir/rdebug.c.o
_rldebug_stdlib_noreturn_wrapper                  CMakeFiles/project1.dir/rdebug.c.o
_rldebug_str_wrapper                              CMakeFiles/project1.dir/rdebug.c.o
_setjmp                                           //lib/x86_64-linux-gnu/libc.so.6
                                                  CMakeFiles/project1.dir/rdebug.c.o
_setjmp@@GLIBC_2.2.5                              //lib/x86_64-linux-gnu/libc.so.6
_setjmp@GLIBC_2.2.5                               //lib/x86_64-linux-gnu/libc.so.6
                                                  /usr/lib/gcc/x86_64-linux-gnu/8/../../../x86_64-linux-gnu/libpthread.so
_start                                            /usr/lib/gcc/x86_64-linux-gnu/8/../../../x86_64-linux-gnu/Scrt1.o
abort                                             //lib/x86_64-linux-gnu/libc.so.6
                                                  CMakeFiles/project1.dir/unit_test_v2.c.o
abort@@GLIBC_2.2.5                                //lib/x86_64-linux-gnu/libc.so.6
abort@GLIBC_2.2.5                                 //lib/x86_64-linux-gnu/libc.so.6
                                                  /usr/lib/gcc/x86_64-linux-gnu/8/../../../x86_64-linux-gnu/libpthread.so
accept                                            /usr/lib/gcc/x86_64-linux-gnu/8/../../../x86_64-linux-gnu/libpthread.so
accept@@GLIBC_2.2.5                               /usr/lib/gcc/x86_64-linux-gnu/8/../../../x86_64-linux-gnu/libpthread.so
                                                  //lib/x86_64-linux-gnu/libc.so.6
accept@GLIBC_2.2.5                                /usr/lib/gcc/x86_64-linux-gnu/8/../../../x86_64-linux-gnu/libpthread.so
access                                            //lib/x86_64-linux-gnu/libc.so.6
access@@GLIBC_2.2.5                               //lib/x86_64-linux-gnu/libc.so.6
access@GLIBC_2.2.5                                //lib/x86_64-linux-gnu/libc.so.6
acos                                              //lib/x86_64-linux-gnu/libm.so.6
acos@@GLIBC_2.2.5                                 //lib/x86_64-linux-gnu/libm.so.6
acos@GLIBC_2.2.5                                  //lib/x86_64-linux-gnu/libm.so.6
acosf                                             //lib/x86_64-linux-gnu/libm.so.6
acosf128                                          //lib/x86_64-linux-gnu/libm.so.6
acosf128@@GLIBC_2.26                              //lib/x86_64-linux-gnu/libm.so.6
acosf128@GLIBC_2.26                               //lib/x86_64-linux-gnu/libm.so.6
acosf32                                           //lib/x86_64-linux-gnu/libm.so.6
acosf32@@GLIBC_2.27                               //lib/x86_64-linux-gnu/libm.so.6
acosf32@GLIBC_2.27                                //lib/x86_64-linux-gnu/libm.so.6
acosf32x                                          //lib/x86_64-linux-gnu/libm.so.6
acosf32x@@GLIBC_2.27                              //lib/x86_64-linux-gnu/libm.so.6
acosf32x@GLIBC_2.27                               //lib/x86_64-linux-gnu/libm.so.6
acosf64                                           //lib/x86_64-linux-gnu/libm.so.6
acosf64@@GLIBC_2.27                               //lib/x86_64-linux-gnu/libm.so.6
acosf64@GLIBC_2.27                                //lib/x86_64-linux-gnu/libm.so.6
acosf64x                                          //lib/x86_64-linux-gnu/libm.so.6
acosf64x@@GLIBC_2.27                              //lib/x86_64-linux-gnu/libm.so.6
acosf64x@GLIBC_2.27                               //lib/x86_64-linux-gnu/libm.so.6
acosf@@GLIBC_2.2.5                                //lib/x86_64-linux-gnu/libm.so.6
acosf@GLIBC_2.2.5                                 //lib/x86_64-linux-gnu/libm.so.6
acosh                                             //lib/x86_64-linux-gnu/libm.so.6
acosh@@GLIBC_2.2.5                                //lib/x86_64-linux-gnu/libm.so.6
acosh@GLIBC_2.2.5                                 //lib/x86_64-linux-gnu/libm.so.6
acoshf                                            //lib/x86_64-linux-gnu/libm.so.6
acoshf128                                         //lib/x86_64-linux-gnu/libm.so.6
acoshf128@@GLIBC_2.26                             //lib/x86_64-linux-gnu/libm.so.6
acoshf128@GLIBC_2.26                              //lib/x86_64-linux-gnu/libm.so.6
acoshf32                                          //lib/x86_64-linux-gnu/libm.so.6
acoshf32@@GLIBC_2.27                              //lib/x86_64-linux-gnu/libm.so.6
acoshf32@GLIBC_2.27                               //lib/x86_64-linux-gnu/libm.so.6
acoshf32x                                         //lib/x86_64-linux-gnu/libm.so.6
acoshf32x@@GLIBC_2.27                             //lib/x86_64-linux-gnu/libm.so.6
acoshf32x@GLIBC_2.27                              //lib/x86_64-linux-gnu/libm.so.6
acoshf64                                          //lib/x86_64-linux-gnu/libm.so.6
acoshf64@@GLIBC_2.27                              //lib/x86_64-linux-gnu/libm.so.6
acoshf64@GLIBC_2.27                               //lib/x86_64-linux-gnu/libm.so.6
acoshf64x                                         //lib/x86_64-linux-gnu/libm.so.6
acoshf64x@@GLIBC_2.27                             //lib/x86_64-linux-gnu/libm.so.6
acoshf64x@GLIBC_2.27                              //lib/x86_64-linux-gnu/libm.so.6
acoshf@@GLIBC_2.2.5                               //lib/x86_64-linux-gnu/libm.so.6
acoshf@GLIBC_2.2.5                                //lib/x86_64-linux-gnu/libm.so.6
acoshl                                            //lib/x86_64-linux-gnu/libm.so.6
acoshl@@GLIBC_2.2.5                               //lib/x86_64-linux-gnu/libm.so.6
acoshl@GLIBC_2.2.5                                //lib/x86_64-linux-gnu/libm.so.6
acosl                                             //lib/x86_64-linux-gnu/libm.so.6
acosl@@GLIBC_2.2.5                                //lib/x86_64-linux-gnu/libm.so.6
acosl@GLIBC_2.2.5                                 //lib/x86_64-linux-gnu/libm.so.6
addmntent                                         //lib/x86_64-linux-gnu/libc.so.6
addmntent@@GLIBC_2.2.5                            //lib/x86_64-linux-gnu/libc.so.6
addmntent@GLIBC_2.2.5                             //lib/x86_64-linux-gnu/libc.so.6
addseverity                                       //lib/x86_64-linux-gnu/libc.so.6
addseverity@@GLIBC_2.2.5                          //lib/x86_64-linux-gnu/libc.so.6
addseverity@GLIBC_2.2.5                           //lib/x86_64-linux-gnu/libc.so.6
adjtime                                           //lib/x86_64-linux-gnu/libc.so.6
adjtime@@GLIBC_2.2.5                              //lib/x86_64-linux-gnu/libc.so.6
adjtime@GLIBC_2.2.5                               //lib/x86_64-linux-gnu/libc.so.6
adjtimex                                          //lib/x86_64-linux-gnu/libc.so.6
adjtimex@@GLIBC_2.2.5                             //lib/x86_64-linux-gnu/libc.so.6
adjtimex@GLIBC_2.2.5                              //lib/x86_64-linux-gnu/libc.so.6
advance@GLIBC_2.2.5                               //lib/x86_64-linux-gnu/libc.so.6
aligned_alloc                                     //lib/x86_64-linux-gnu/libc.so.6
aligned_alloc@@GLIBC_2.16                         //lib/x86_64-linux-gnu/libc.so.6
aligned_alloc@GLIBC_2.16                          //lib/x86_64-linux-gnu/libc.so.6
alphasort                                         //lib/x86_64-linux-gnu/libc.so.6
alphasort64                                       //lib/x86_64-linux-gnu/libc.so.6
alphasort64@@GLIBC_2.2.5                          //lib/x86_64-linux-gnu/libc.so.6
alphasort64@GLIBC_2.2.5                           //lib/x86_64-linux-gnu/libc.so.6
alphasort@@GLIBC_2.2.5                            //lib/x86_64-linux-gnu/libc.so.6
alphasort@GLIBC_2.2.5                             //lib/x86_64-linux-gnu/libc.so.6
arch_prctl                                        //lib/x86_64-linux-gnu/libc.so.6